<html>
<body>
<pre>
<h1>µVision Build Log</h1>
<h2>Project:</h2>
C:\Users\siree\OneDrive\Desktop\FreeRTOS-LPC\06_mutex\mutex.uvproj
Project File Date:  10/22/2025

<h2>Output:</h2>
Build target 'Target 1'
assembling Startup.s...
compiling list.c...
compiling queue.c...
C:\Keil\FreeRTOS_V9.0.0rc2\FreeRTOS\Source\queue.c(472): warning:  #177-D: function "prvInitialiseMutex" was declared but never referenced
compiling tasks.c...
compiling timers.c...
compiling heap_1.c...
compiling port.c...
assembling portASM.s...
compiling mutex.c...
C:\Keil\ARM\Inc\Philips\lpc21xx.h(163): warning:  #47-D: incompatible redefinition of macro "U0IER" (declared at line 188 of "C:\Keil\ARM\Inc\Philips\LPC214x.h")
C:\Keil\ARM\Inc\Philips\lpc21xx.h(164): warning:  #47-D: incompatible redefinition of macro "U0IIR" (declared at line 189 of "C:\Keil\ARM\Inc\Philips\LPC214x.h")
C:\Keil\ARM\Inc\Philips\lpc21xx.h(169): warning:  #47-D: incompatible redefinition of macro "U0FDR" (declared at line 199 of "C:\Keil\ARM\Inc\Philips\LPC214x.h")
C:\Keil\ARM\Inc\Philips\lpc21xx.h(176): warning:  #47-D: incompatible redefinition of macro "U1IER" (declared at line 205 of "C:\Keil\ARM\Inc\Philips\LPC214x.h")
C:\Keil\ARM\Inc\Philips\lpc21xx.h(177): warning:  #47-D: incompatible redefinition of macro "U1IIR" (declared at line 206 of "C:\Keil\ARM\Inc\Philips\LPC214x.h")
C:\Keil\ARM\Inc\Philips\lpc21xx.h(184): warning:  #47-D: incompatible redefinition of macro "U1FDR" (declared at line 216 of "C:\Keil\ARM\Inc\Philips\LPC214x.h")
linking...
mutex.axf: Error: L6218E: Undefined symbol xQueueCreateMutex (referred from mutex.o).
Target not created
Build target 'Target 1'
compiling list.c...
compiling queue.c...
compiling tasks.c...
compiling timers.c...
compiling heap_1.c...
compiling port.c...
assembling portASM.s...
compiling mutex.c...
C:\Keil\ARM\Inc\Philips\lpc21xx.h(163): warning:  #47-D: incompatible redefinition of macro "U0IER" (declared at line 188 of "C:\Keil\ARM\Inc\Philips\LPC214x.h")
C:\Keil\ARM\Inc\Philips\lpc21xx.h(164): warning:  #47-D: incompatible redefinition of macro "U0IIR" (declared at line 189 of "C:\Keil\ARM\Inc\Philips\LPC214x.h")
C:\Keil\ARM\Inc\Philips\lpc21xx.h(169): warning:  #47-D: incompatible redefinition of macro "U0FDR" (declared at line 199 of "C:\Keil\ARM\Inc\Philips\LPC214x.h")
C:\Keil\ARM\Inc\Philips\lpc21xx.h(176): warning:  #47-D: incompatible redefinition of macro "U1IER" (declared at line 205 of "C:\Keil\ARM\Inc\Philips\LPC214x.h")
C:\Keil\ARM\Inc\Philips\lpc21xx.h(177): warning:  #47-D: incompatible redefinition of macro "U1IIR" (declared at line 206 of "C:\Keil\ARM\Inc\Philips\LPC214x.h")
C:\Keil\ARM\Inc\Philips\lpc21xx.h(184): warning:  #47-D: incompatible redefinition of macro "U1FDR" (declared at line 216 of "C:\Keil\ARM\Inc\Philips\LPC214x.h")
linking...
Program Size: Code=14156 RO-data=32 RW-data=76 ZI-data=9628  
FromELF: creating hex file...
"mutex.axf" - 0 Error(s), 6 Warning(s).
Build target 'Target 1'
linking...
Program Size: Code=14156 RO-data=32 RW-data=76 ZI-data=9628  
FromELF: creating hex file...
"mutex.axf" - 0 Error(s), 0 Warning(s).
