ARM Linker, 5.02 [Build 28] [MDK-ARM Lite]

==============================================================================

Section Cross References

    startup.o(STACK) refers (Special) to heapauxi.o(.text) for __use_two_region_memory
    startup.o(HEAP) refers (Special) to heapauxi.o(.text) for __use_two_region_memory
    startup.o(RESET) refers (Special) to heapauxi.o(.text) for __use_two_region_memory
    startup.o(RESET) refers to startup.o(STACK) for Stack_Top
    startup.o(RESET) refers to __main.o(!!!main) for __main
    startup.o(.text) refers (Special) to heapauxi.o(.text) for __use_two_region_memory
    startup.o(.text) refers to startup.o(HEAP) for Heap_Mem
    startup.o(.text) refers to startup.o(STACK) for Stack_Mem
    queue.o(.text) refers to port.o(.text) for vPortEnterCritical
    queue.o(.text) refers to tasks.o(.text) for xTaskRemoveFromEventList
    queue.o(.text) refers to portasm.o(PORT_ASM) for vPortYield
    queue.o(.text) refers to list.o(.text) for vListInitialise
    queue.o(.text) refers to heap_1.o(.text) for pvPortMalloc
    queue.o(.text) refers to rt_memcpy.o(.text) for __aeabi_memcpy
    tasks.o(.text) refers to list.o(.text) for vListInitialise
    tasks.o(.text) refers to port.o(.text) for vPortEnterCritical
    tasks.o(.text) refers to portasm.o(PORT_ASM) for vPortYield
    tasks.o(.text) refers to aeabi_memset.o(.text) for __aeabi_memset
    tasks.o(.text) refers to heap_1.o(.text) for pvPortMalloc
    tasks.o(.text) refers to tasks.o(.bss) for pxReadyTasksLists
    tasks.o(.text) refers to tasks.o(.data) for pxDelayedTaskList
    heap_1.o(.text) refers to tasks.o(.text) for vTaskSuspendAll
    heap_1.o(.text) refers to heap_1.o(.data) for pucAlignedHeap
    heap_1.o(.text) refers to heap_1.o(.bss) for ucHeap
    port.o(.text) refers to portasm.o(PORT_ASM) for vPortStartFirstTask
    port.o(.text) refers to port.o(.data) for ulCriticalNesting
    portasm.o(PORT_ASM) refers to tasks.o(.data) for pxCurrentTCB
    portasm.o(PORT_ASM) refers to port.o(.data) for ulCriticalNesting
    portasm.o(PORT_ASM) refers to tasks.o(.text) for vTaskSwitchContext
    mutex.o(.text) refers to queue.o(.text) for xQueueGenericReceive
    mutex.o(.text) refers to tasks.o(.text) for vTaskDelay
    mutex.o(.text) refers to aeabi_sdiv.o(.text_udiv) for __aeabi_uidivmod
    mutex.o(.text) refers to mutex.o(.data) for xMutex
    rt_memcpy.o(.text) refers to rt_memcpy_w.o(.text) for __aeabi_memcpy4
    aeabi_memset.o(.text) refers to rt_memclr.o(.text) for _memset
    aeabi_sdiv.o(.text_udiv) refers to aeabi_sdiv.o(.text) for __arm_div2
    aeabi_sdiv_div0.o(.text_udiv) refers to aeabi_sdiv_div0.o(.text) for __arm_div2
    __main.o(!!!main) refers to rtentry.o(.ARM.Collect$$rtentry$$00000000) for __rt_entry
    rtentry.o(.ARM.Collect$$rtentry$$00000000) refers (Special) to rtentry2.o(.ARM.Collect$$rtentry$$0000000A) for __rt_entry_li
    rtentry.o(.ARM.Collect$$rtentry$$00000000) refers (Special) to rtentry2.o(.ARM.Collect$$rtentry$$0000000D) for __rt_entry_main
    rtentry.o(.ARM.Collect$$rtentry$$00000000) refers (Special) to rtentry2.o(.ARM.Collect$$rtentry$$0000000C) for __rt_entry_postli_1
    rtentry.o(.ARM.Collect$$rtentry$$00000000) refers (Special) to rtentry2.o(.ARM.Collect$$rtentry$$00000009) for __rt_entry_postsh_1
    rtentry.o(.ARM.Collect$$rtentry$$00000000) refers (Special) to rtentry2.o(.ARM.Collect$$rtentry$$00000002) for __rt_entry_presh_1
    rtentry.o(.ARM.Collect$$rtentry$$00000000) refers (Special) to rtentry4.o(.ARM.Collect$$rtentry$$00000004) for __rt_entry_sh
    aeabi_idiv0_sigfpe.o(.text) refers to rt_div0.o(.text) for __rt_div0
    rt_memclr.o(.text) refers to rt_memclr_w.o(.text) for _memset_w
    rtentry2.o(.ARM.Collect$$rtentry$$00000008) refers to boardinit2.o(.text) for _platform_post_stackheap_init
    rtentry2.o(.ARM.Collect$$rtentry$$0000000A) refers to libinit.o(.ARM.Collect$$libinit$$00000000) for __rt_lib_init
    rtentry2.o(.ARM.Collect$$rtentry$$0000000B) refers to boardinit3.o(.text) for _platform_post_lib_init
    rtentry2.o(.ARM.Collect$$rtentry$$0000000D) refers to exit.o(.text) for exit
    rtentry2.o(.ARM.Collect$$rtentry$$0000000D) refers to mutex.o(.text) for main
    rtentry2.o(.ARM.exidx) refers to rtentry2.o(.ARM.Collect$$rtentry$$00000001) for .ARM.Collect$$rtentry$$00000001
    rtentry2.o(.ARM.exidx) refers to rtentry2.o(.ARM.Collect$$rtentry$$00000008) for .ARM.Collect$$rtentry$$00000008
    rtentry2.o(.ARM.exidx) refers to rtentry2.o(.ARM.Collect$$rtentry$$0000000A) for .ARM.Collect$$rtentry$$0000000A
    rtentry2.o(.ARM.exidx) refers to rtentry2.o(.ARM.Collect$$rtentry$$0000000B) for .ARM.Collect$$rtentry$$0000000B
    rtentry2.o(.ARM.exidx) refers to rtentry2.o(.ARM.Collect$$rtentry$$0000000D) for .ARM.Collect$$rtentry$$0000000D
    rtentry4.o(.ARM.Collect$$rtentry$$00000004) refers to sys_stackheap_outer.o(.text) for __user_setup_stackheap
    rtentry4.o(.ARM.exidx) refers to rtentry4.o(.ARM.Collect$$rtentry$$00000004) for .ARM.Collect$$rtentry$$00000004
    rt_div0.o(.text) refers to defsig_fpe_outer.o(.text) for __rt_SIGFPE
    sys_stackheap_outer.o(.text) refers to libspace.o(.text) for __user_perproc_libspace
    sys_stackheap_outer.o(.text) refers to startup.o(.text) for __user_initial_stackheap
    exit.o(.text) refers to rtexit.o(.ARM.Collect$$rtexit$$00000000) for __rt_exit
    defsig_fpe_outer.o(.text) refers to defsig_fpe_inner.o(.text) for __rt_SIGFPE_inner
    defsig_fpe_outer.o(.text) refers to defsig_exit.o(.text) for __sig_exit
    defsig_fpe_formal.o(.text) refers to rt_raise.o(.text) for __rt_raise
    libinit.o(.ARM.Collect$$libinit$$00000000) refers (Special) to libinit2.o(.ARM.Collect$$libinit$$0000002C) for __rt_lib_init_alloca_1
    libinit.o(.ARM.Collect$$libinit$$00000000) refers (Special) to libinit2.o(.ARM.Collect$$libinit$$0000002A) for __rt_lib_init_argv_1
    libinit.o(.ARM.Collect$$libinit$$00000000) refers (Special) to libinit2.o(.ARM.Collect$$libinit$$00000019) for __rt_lib_init_atexit_1
    libinit.o(.ARM.Collect$$libinit$$00000000) refers (Special) to libinit2.o(.ARM.Collect$$libinit$$0000001F) for __rt_lib_init_clock_1
    libinit.o(.ARM.Collect$$libinit$$00000000) refers (Special) to libinit2.o(.ARM.Collect$$libinit$$00000030) for __rt_lib_init_cpp_1
    libinit.o(.ARM.Collect$$libinit$$00000000) refers (Special) to libinit2.o(.ARM.Collect$$libinit$$0000002E) for __rt_lib_init_exceptions_1
    libinit.o(.ARM.Collect$$libinit$$00000000) refers (Special) to libinit2.o(.ARM.Collect$$libinit$$00000002) for __rt_lib_init_fp_1
    libinit.o(.ARM.Collect$$libinit$$00000000) refers (Special) to libinit2.o(.ARM.Collect$$libinit$$0000001D) for __rt_lib_init_fp_trap_1
    libinit.o(.ARM.Collect$$libinit$$00000000) refers (Special) to libinit2.o(.ARM.Collect$$libinit$$00000021) for __rt_lib_init_getenv_1
    libinit.o(.ARM.Collect$$libinit$$00000000) refers (Special) to libinit2.o(.ARM.Collect$$libinit$$00000008) for __rt_lib_init_heap_1
    libinit.o(.ARM.Collect$$libinit$$00000000) refers (Special) to libinit2.o(.ARM.Collect$$libinit$$0000000F) for __rt_lib_init_lc_collate_1
    libinit.o(.ARM.Collect$$libinit$$00000000) refers (Special) to libinit2.o(.ARM.Collect$$libinit$$00000011) for __rt_lib_init_lc_ctype_1
    libinit.o(.ARM.Collect$$libinit$$00000000) refers (Special) to libinit2.o(.ARM.Collect$$libinit$$00000013) for __rt_lib_init_lc_monetary_1
    libinit.o(.ARM.Collect$$libinit$$00000000) refers (Special) to libinit2.o(.ARM.Collect$$libinit$$00000015) for __rt_lib_init_lc_numeric_1
    libinit.o(.ARM.Collect$$libinit$$00000000) refers (Special) to libinit2.o(.ARM.Collect$$libinit$$00000017) for __rt_lib_init_lc_time_1
    libinit.o(.ARM.Collect$$libinit$$00000000) refers (Special) to libinit2.o(.ARM.Collect$$libinit$$0000000C) for __rt_lib_init_rand_1
    libinit.o(.ARM.Collect$$libinit$$00000000) refers (Special) to libinit2.o(.ARM.Collect$$libinit$$00000031) for __rt_lib_init_return
    libinit.o(.ARM.Collect$$libinit$$00000000) refers (Special) to libinit2.o(.ARM.Collect$$libinit$$0000001B) for __rt_lib_init_signal_1
    libinit.o(.ARM.Collect$$libinit$$00000000) refers (Special) to libinit2.o(.ARM.Collect$$libinit$$00000023) for __rt_lib_init_stdio_1
    libinit.o(.ARM.Collect$$libinit$$00000000) refers (Special) to libinit2.o(.ARM.Collect$$libinit$$0000000A) for __rt_lib_init_user_alloc_1
    libspace.o(.text) refers to libspace.o(.bss) for __libspace_start
    rtexit.o(.ARM.Collect$$rtexit$$00000000) refers (Special) to rtexit2.o(.ARM.Collect$$rtexit$$00000004) for __rt_exit_exit
    rtexit.o(.ARM.Collect$$rtexit$$00000000) refers (Special) to rtexit2.o(.ARM.Collect$$rtexit$$00000003) for __rt_exit_ls
    rtexit.o(.ARM.Collect$$rtexit$$00000000) refers (Special) to rtexit2.o(.ARM.Collect$$rtexit$$00000002) for __rt_exit_prels_1
    rtexit.o(.ARM.exidx) refers (Special) to rtexit2.o(.ARM.Collect$$rtexit$$00000004) for __rt_exit_exit
    rtexit.o(.ARM.exidx) refers (Special) to rtexit2.o(.ARM.Collect$$rtexit$$00000003) for __rt_exit_ls
    rtexit.o(.ARM.exidx) refers (Special) to rtexit2.o(.ARM.Collect$$rtexit$$00000002) for __rt_exit_prels_1
    rtexit.o(.ARM.exidx) refers to rtexit.o(.ARM.Collect$$rtexit$$00000000) for .ARM.Collect$$rtexit$$00000000
    rt_raise.o(.text) refers to __raise.o(.text) for __raise
    rt_raise.o(.text) refers to sys_exit.o(.text) for _sys_exit
    defsig_exit.o(.text) refers to sys_exit.o(.text) for _sys_exit
    defsig_fpe_inner.o(.text) refers to defsig_general.o(.text) for __default_signal_display
    libinit2.o(.ARM.Collect$$libinit$$00000001) refers to fpinit.o(x$fpl$fpinit) for _fp_init
    libinit2.o(.ARM.Collect$$libinit$$0000000E) refers to libinit2.o(.ARM.Collect$$libinit$$0000000D) for .ARM.Collect$$libinit$$0000000D
    libinit2.o(.ARM.Collect$$libinit$$00000010) refers to libinit2.o(.ARM.Collect$$libinit$$0000000D) for .ARM.Collect$$libinit$$0000000D
    libinit2.o(.ARM.Collect$$libinit$$00000012) refers to libinit2.o(.ARM.Collect$$libinit$$0000000D) for .ARM.Collect$$libinit$$0000000D
    libinit2.o(.ARM.Collect$$libinit$$00000014) refers to libinit2.o(.ARM.Collect$$libinit$$0000000D) for .ARM.Collect$$libinit$$0000000D
    libinit2.o(.ARM.Collect$$libinit$$00000016) refers to libinit2.o(.ARM.Collect$$libinit$$0000000D) for .ARM.Collect$$libinit$$0000000D
    libinit2.o(.ARM.Collect$$libinit$$00000024) refers to argv_veneer.o(.emb_text) for __ARM_argv_veneer
    libinit2.o(.ARM.Collect$$libinit$$00000025) refers to argv_veneer.o(.emb_text) for __ARM_argv_veneer
    sys_exit.o(.text) refers (Special) to use_no_semi.o(.text) for __I$use$semihosting
    sys_exit.o(.text) refers (Special) to indicate_semi.o(.text) for __semihosting_library_function
    rtexit2.o(.ARM.Collect$$rtexit$$00000003) refers to libshutdown.o(.ARM.Collect$$libshutdown$$00000000) for __rt_lib_shutdown
    rtexit2.o(.ARM.Collect$$rtexit$$00000004) refers to sys_exit.o(.text) for _sys_exit
    rtexit2.o(.ARM.exidx) refers to rtexit2.o(.ARM.Collect$$rtexit$$00000001) for .ARM.Collect$$rtexit$$00000001
    rtexit2.o(.ARM.exidx) refers to rtexit2.o(.ARM.Collect$$rtexit$$00000003) for .ARM.Collect$$rtexit$$00000003
    rtexit2.o(.ARM.exidx) refers to rtexit2.o(.ARM.Collect$$rtexit$$00000004) for .ARM.Collect$$rtexit$$00000004
    __raise.o(.text) refers to __raise.o(i.__ARM_common_call_via_r2) for __ARM_common_call_via_r2
    __raise.o(.text) refers to defsig.o(CL$$defsig) for __default_signal_handler
    defsig_general.o(.text) refers to sys_wrch.o(.text) for _ttywrch
    argv_veneer.o(.emb_text) refers to no_argv.o(.text) for __ARM_get_argv
    sys_wrch.o(.text) refers (Special) to use_no_semi.o(.text) for __I$use$semihosting
    sys_wrch.o(.text) refers (Special) to indicate_semi.o(.text) for __semihosting_library_function
    defsig.o(CL$$defsig) refers to defsig_fpe_inner.o(.text) for __rt_SIGFPE_inner
    defsig.o(CL$$defsig) refers to defsig_rtmem_inner.o(.text) for __rt_SIGRTMEM_inner
    _get_argv_nomalloc.o(.text) refers (Special) to hrguard.o(.text) for __heap_region$guard
    _get_argv_nomalloc.o(.text) refers to defsig_rtmem_outer.o(.text) for __rt_SIGRTMEM
    _get_argv_nomalloc.o(.text) refers to sys_command.o(.text) for _sys_command_string
    libshutdown.o(.ARM.Collect$$libshutdown$$00000000) refers (Special) to libshutdown2.o(.ARM.Collect$$libshutdown$$00000006) for __rt_lib_shutdown_fp_trap_1
    libshutdown.o(.ARM.Collect$$libshutdown$$00000000) refers (Special) to libshutdown2.o(.ARM.Collect$$libshutdown$$0000000E) for __rt_lib_shutdown_heap_1
    libshutdown.o(.ARM.Collect$$libshutdown$$00000000) refers (Special) to libshutdown2.o(.ARM.Collect$$libshutdown$$0000000F) for __rt_lib_shutdown_return
    libshutdown.o(.ARM.Collect$$libshutdown$$00000000) refers (Special) to libshutdown2.o(.ARM.Collect$$libshutdown$$00000009) for __rt_lib_shutdown_signal_1
    libshutdown.o(.ARM.Collect$$libshutdown$$00000000) refers (Special) to libshutdown2.o(.ARM.Collect$$libshutdown$$00000003) for __rt_lib_shutdown_stdio_1
    libshutdown.o(.ARM.Collect$$libshutdown$$00000000) refers (Special) to libshutdown2.o(.ARM.Collect$$libshutdown$$0000000B) for __rt_lib_shutdown_user_alloc_1
    sys_command.o(.text) refers (Special) to use_no_semi.o(.text) for __I$use$semihosting
    sys_command.o(.text) refers (Special) to indicate_semi.o(.text) for __semihosting_library_function
    defsig_abrt_inner.o(.text) refers to defsig_general.o(.text) for __default_signal_display
    defsig_rtred_inner.o(.text) refers to defsig_general.o(.text) for __default_signal_display
    defsig_rtmem_inner.o(.text) refers to defsig_general.o(.text) for __default_signal_display
    defsig_rtmem_outer.o(.text) refers to defsig_rtmem_inner.o(.text) for __rt_SIGRTMEM_inner
    defsig_rtmem_outer.o(.text) refers to defsig_exit.o(.text) for __sig_exit
    defsig_rtmem_formal.o(.text) refers to rt_raise.o(.text) for __rt_raise
    defsig_stak_inner.o(.text) refers to defsig_general.o(.text) for __default_signal_display
    defsig_pvfn_inner.o(.text) refers to defsig_general.o(.text) for __default_signal_display
    defsig_cppl_inner.o(.text) refers to defsig_general.o(.text) for __default_signal_display
    defsig_segv_inner.o(.text) refers to defsig_general.o(.text) for __default_signal_display
    defsig_other.o(.text) refers to defsig_general.o(.text) for __default_signal_display


==============================================================================

Adding Veneers to the image

    Adding AT veneer (8 bytes, Inline) for call to '__rt_lib_init' from rtentry2.o(.ARM.Collect$$rtentry$$0000000A).
    Adding AT veneer (8 bytes, Inline) for call to '__rt_lib_shutdown' from rtexit2.o(.ARM.Collect$$rtexit$$00000003).
    Adding TA veneer (4 bytes, Inline) for call to '__rt_exit' from exit.o(.text).
    Adding AT veneer (8 bytes, Inline) for call to '_sys_exit' from rtexit2.o(.ARM.Collect$$rtexit$$00000004).

4 Veneer(s) (total 28 bytes) added to the image.

==============================================================================

Image Symbol Table

    Local Symbols

    Symbol Name                              Value     Ov Type        Size  Object(Section)

    RESET                                    0x00000000   Section      272  startup.o(RESET)
    ../clib/angel/boardlib.s                 0x00000000   Number         0  boardinit2.o ABSOLUTE
    ../clib/angel/boardlib.s                 0x00000000   Number         0  boardinit1.o ABSOLUTE
    ../clib/angel/boardlib.s                 0x00000000   Number         0  boardinit3.o ABSOLUTE
    ../clib/angel/boardlib.s                 0x00000000   Number         0  boardshut.o ABSOLUTE
    ../clib/angel/handlers.s                 0x00000000   Number         0  __scatter_zi.o ABSOLUTE
    ../clib/angel/handlers.s                 0x00000000   Number         0  __scatter_copy.o ABSOLUTE
    ../clib/angel/kernel.s                   0x00000000   Number         0  rtentry2.o ABSOLUTE
    ../clib/angel/kernel.s                   0x00000000   Number         0  rtentry4.o ABSOLUTE
    ../clib/angel/kernel.s                   0x00000000   Number         0  rtexit.o ABSOLUTE
    ../clib/angel/kernel.s                   0x00000000   Number         0  rtexit2.o ABSOLUTE
    ../clib/angel/kernel.s                   0x00000000   Number         0  rtentry.o ABSOLUTE
    ../clib/angel/rt.s                       0x00000000   Number         0  aeabi_idiv0.o ABSOLUTE
    ../clib/angel/rt.s                       0x00000000   Number         0  aeabi_idiv0_sigfpe.o ABSOLUTE
    ../clib/angel/rt.s                       0x00000000   Number         0  rt_div0.o ABSOLUTE
    ../clib/angel/rt.s                       0x00000000   Number         0  rt_raise.o ABSOLUTE
    ../clib/angel/scatter.s                  0x00000000   Number         0  __scatter.o ABSOLUTE
    ../clib/angel/startup.s                  0x00000000   Number         0  __main.o ABSOLUTE
    ../clib/angel/sys.s                      0x00000000   Number         0  sys_stackheap_outer.o ABSOLUTE
    ../clib/angel/sys.s                      0x00000000   Number         0  libspace.o ABSOLUTE
    ../clib/angel/sys.s                      0x00000000   Number         0  use_no_semi.o ABSOLUTE
    ../clib/angel/sys.s                      0x00000000   Number         0  indicate_semi.o ABSOLUTE
    ../clib/angel/sysapp.c                   0x00000000   Number         0  sys_exit.o ABSOLUTE
    ../clib/angel/sysapp.c                   0x00000000   Number         0  sys_wrch.o ABSOLUTE
    ../clib/angel/sysapp.c                   0x00000000   Number         0  sys_command.o ABSOLUTE
    ../clib/armsys.c                         0x00000000   Number         0  argv_veneer.o ABSOLUTE
    ../clib/armsys.c                         0x00000000   Number         0  _get_argv_nomalloc.o ABSOLUTE
    ../clib/armsys.c                         0x00000000   Number         0  argv_veneer.o ABSOLUTE
    ../clib/armsys.c                         0x00000000   Number         0  no_argv.o ABSOLUTE
    ../clib/division.s                       0x00000000   Number         0  aeabi_sdiv.o ABSOLUTE
    ../clib/division.s                       0x00000000   Number         0  aeabi_sdiv_div0.o ABSOLUTE
    ../clib/divrt.s                          0x00000000   Number         0  divrt_7tdmi.o ABSOLUTE
    ../clib/divrt.s                          0x00000000   Number         0  divrt_7tdmi_div0.o ABSOLUTE
    ../clib/heapalloc.c                      0x00000000   Number         0  hrguard.o ABSOLUTE
    ../clib/heapaux.c                        0x00000000   Number         0  heapauxi.o ABSOLUTE
    ../clib/libinit.s                        0x00000000   Number         0  libshutdown.o ABSOLUTE
    ../clib/libinit.s                        0x00000000   Number         0  libshutdown2.o ABSOLUTE
    ../clib/libinit.s                        0x00000000   Number         0  libinit2.o ABSOLUTE
    ../clib/libinit.s                        0x00000000   Number         0  libinit.o ABSOLUTE
    ../clib/memcpset.s                       0x00000000   Number         0  aeabi_memset.o ABSOLUTE
    ../clib/memcpset.s                       0x00000000   Number         0  rt_memcpy.o ABSOLUTE
    ../clib/memcpset.s                       0x00000000   Number         0  rt_memclr_w.o ABSOLUTE
    ../clib/memcpset.s                       0x00000000   Number         0  rt_memcpy_w.o ABSOLUTE
    ../clib/memcpset.s                       0x00000000   Number         0  rt_memclr.o ABSOLUTE
    ../clib/signal.c                         0x00000000   Number         0  defsig_rtmem_outer.o ABSOLUTE
    ../clib/signal.c                         0x00000000   Number         0  defsig_rtred_inner.o ABSOLUTE
    ../clib/signal.c                         0x00000000   Number         0  defsig_fpe_outer.o ABSOLUTE
    ../clib/signal.c                         0x00000000   Number         0  defsig_abrt_inner.o ABSOLUTE
    ../clib/signal.c                         0x00000000   Number         0  defsig_rtmem_inner.o ABSOLUTE
    ../clib/signal.c                         0x00000000   Number         0  defsig_other.o ABSOLUTE
    ../clib/signal.c                         0x00000000   Number         0  defsig_general.o ABSOLUTE
    ../clib/signal.c                         0x00000000   Number         0  __raise.o ABSOLUTE
    ../clib/signal.c                         0x00000000   Number         0  defsig_segv_inner.o ABSOLUTE
    ../clib/signal.c                         0x00000000   Number         0  defsig_cppl_inner.o ABSOLUTE
    ../clib/signal.c                         0x00000000   Number         0  defsig_pvfn_inner.o ABSOLUTE
    ../clib/signal.c                         0x00000000   Number         0  defsig_exit.o ABSOLUTE
    ../clib/signal.c                         0x00000000   Number         0  defsig_fpe_inner.o ABSOLUTE
    ../clib/signal.c                         0x00000000   Number         0  defsig_stak_inner.o ABSOLUTE
    ../clib/signal.c                         0x00000000   Number         0  defsig_rtmem_formal.o ABSOLUTE
    ../clib/signal.c                         0x00000000   Number         0  defsig_fpe_formal.o ABSOLUTE
    ../clib/signal.s                         0x00000000   Number         0  defsig.o ABSOLUTE
    ../clib/stdlib.c                         0x00000000   Number         0  exit.o ABSOLUTE
    ../fplib/fpinit.s                        0x00000000   Number         0  fpinit.o ABSOLUTE
    C:\Keil\FreeRTOS_V9.0.0rc2\FreeRTOS\Source\list.c 0x00000000   Number         0  list.o ABSOLUTE
    C:\Keil\FreeRTOS_V9.0.0rc2\FreeRTOS\Source\portable\MemMang\heap_1.c 0x00000000   Number         0  heap_1.o ABSOLUTE
    C:\Keil\FreeRTOS_V9.0.0rc2\FreeRTOS\Source\portable\RVDS\ARM7_LPC21xx\port.c 0x00000000   Number         0  port.o ABSOLUTE
    C:\Keil\FreeRTOS_V9.0.0rc2\FreeRTOS\Source\portable\RVDS\ARM7_LPC21xx\portASM.s 0x00000000   Number         0  portasm.o ABSOLUTE
    C:\Keil\FreeRTOS_V9.0.0rc2\FreeRTOS\Source\queue.c 0x00000000   Number         0  queue.o ABSOLUTE
    C:\Keil\FreeRTOS_V9.0.0rc2\FreeRTOS\Source\tasks.c 0x00000000   Number         0  tasks.o ABSOLUTE
    C:\Keil\FreeRTOS_V9.0.0rc2\FreeRTOS\Source\timers.c 0x00000000   Number         0  timers.o ABSOLUTE
    Startup.s                                0x00000000   Number         0  startup.o ABSOLUTE
    dc.s                                     0x00000000   Number         0  dc.o ABSOLUTE
    mutex.c                                  0x00000000   Number         0  mutex.o ABSOLUTE
    Undef_Handler                            0x00000040   ARM Code       4  startup.o(RESET)
    SWI_Handler                              0x00000044   ARM Code       4  startup.o(RESET)
    PAbt_Handler                             0x00000048   ARM Code       4  startup.o(RESET)
    DAbt_Handler                             0x0000004c   ARM Code       4  startup.o(RESET)
    IRQ_Handler                              0x00000050   ARM Code       4  startup.o(RESET)
    FIQ_Handler                              0x00000054   ARM Code       4  startup.o(RESET)
    !!!main                                  0x00000110   Section        8  __main.o(!!!main)
    !!!scatter                               0x00000118   Section       60  __scatter.o(!!!scatter)
    !!handler_copy                           0x00000154   Section       40  __scatter_copy.o(!!handler_copy)
    !!handler_zi                             0x0000017c   Section       44  __scatter_zi.o(!!handler_zi)
    .ARM.Collect$$libinit$$00000000          0x000001b0   Section        2  libinit.o(.ARM.Collect$$libinit$$00000000)
    .ARM.Collect$$libinit$$00000002          0x000001b2   Section        0  libinit2.o(.ARM.Collect$$libinit$$00000002)
    .ARM.Collect$$libinit$$00000008          0x000001b2   Section        0  libinit2.o(.ARM.Collect$$libinit$$00000008)
    .ARM.Collect$$libinit$$0000000A          0x000001b2   Section        0  libinit2.o(.ARM.Collect$$libinit$$0000000A)
    .ARM.Collect$$libinit$$0000000C          0x000001b2   Section        0  libinit2.o(.ARM.Collect$$libinit$$0000000C)
    .ARM.Collect$$libinit$$0000000F          0x000001b2   Section        0  libinit2.o(.ARM.Collect$$libinit$$0000000F)
    .ARM.Collect$$libinit$$00000011          0x000001b2   Section        0  libinit2.o(.ARM.Collect$$libinit$$00000011)
    .ARM.Collect$$libinit$$00000013          0x000001b2   Section        0  libinit2.o(.ARM.Collect$$libinit$$00000013)
    .ARM.Collect$$libinit$$00000015          0x000001b2   Section        0  libinit2.o(.ARM.Collect$$libinit$$00000015)
    .ARM.Collect$$libinit$$00000017          0x000001b2   Section        0  libinit2.o(.ARM.Collect$$libinit$$00000017)
    .ARM.Collect$$libinit$$00000019          0x000001b2   Section        0  libinit2.o(.ARM.Collect$$libinit$$00000019)
    .ARM.Collect$$libinit$$0000001B          0x000001b2   Section        0  libinit2.o(.ARM.Collect$$libinit$$0000001B)
    .ARM.Collect$$libinit$$0000001D          0x000001b2   Section        0  libinit2.o(.ARM.Collect$$libinit$$0000001D)
    .ARM.Collect$$libinit$$0000001F          0x000001b2   Section        0  libinit2.o(.ARM.Collect$$libinit$$0000001F)
    .ARM.Collect$$libinit$$00000021          0x000001b2   Section        0  libinit2.o(.ARM.Collect$$libinit$$00000021)
    .ARM.Collect$$libinit$$00000023          0x000001b2   Section        0  libinit2.o(.ARM.Collect$$libinit$$00000023)
    .ARM.Collect$$libinit$$0000002A          0x000001b2   Section        0  libinit2.o(.ARM.Collect$$libinit$$0000002A)
    .ARM.Collect$$libinit$$0000002C          0x000001b2   Section        0  libinit2.o(.ARM.Collect$$libinit$$0000002C)
    .ARM.Collect$$libinit$$0000002E          0x000001b2   Section        0  libinit2.o(.ARM.Collect$$libinit$$0000002E)
    .ARM.Collect$$libinit$$00000030          0x000001b2   Section        0  libinit2.o(.ARM.Collect$$libinit$$00000030)
    .ARM.Collect$$libinit$$00000031          0x000001b2   Section       12  libinit2.o(.ARM.Collect$$libinit$$00000031)
    .ARM.Collect$$libshutdown$$00000000      0x000001c8   Section        4  libshutdown.o(.ARM.Collect$$libshutdown$$00000000)
    .ARM.Collect$$libshutdown$$00000003      0x000001cc   Section        0  libshutdown2.o(.ARM.Collect$$libshutdown$$00000003)
    .ARM.Collect$$libshutdown$$00000006      0x000001cc   Section        0  libshutdown2.o(.ARM.Collect$$libshutdown$$00000006)
    .ARM.Collect$$libshutdown$$00000009      0x000001cc   Section        0  libshutdown2.o(.ARM.Collect$$libshutdown$$00000009)
    .ARM.Collect$$libshutdown$$0000000B      0x000001cc   Section        0  libshutdown2.o(.ARM.Collect$$libshutdown$$0000000B)
    .ARM.Collect$$libshutdown$$0000000E      0x000001cc   Section        0  libshutdown2.o(.ARM.Collect$$libshutdown$$0000000E)
    .ARM.Collect$$libshutdown$$0000000F      0x000001cc   Section        6  libshutdown2.o(.ARM.Collect$$libshutdown$$0000000F)
    .ARM.Collect$$rtentry$$00000000          0x000001d4   Section        0  rtentry.o(.ARM.Collect$$rtentry$$00000000)
    .ARM.Collect$$rtentry$$00000002          0x000001d4   Section        0  rtentry2.o(.ARM.Collect$$rtentry$$00000002)
    .ARM.Collect$$rtentry$$00000004          0x000001d4   Section        8  rtentry4.o(.ARM.Collect$$rtentry$$00000004)
    .ARM.Collect$$rtentry$$00000009          0x000001dc   Section        0  rtentry2.o(.ARM.Collect$$rtentry$$00000009)
    .ARM.Collect$$rtentry$$0000000A          0x000001dc   Section        4  rtentry2.o(.ARM.Collect$$rtentry$$0000000A)
    .ARM.Collect$$rtentry$$0000000C          0x000001e0   Section        0  rtentry2.o(.ARM.Collect$$rtentry$$0000000C)
    .ARM.Collect$$rtentry$$0000000D          0x000001e0   Section       40  rtentry2.o(.ARM.Collect$$rtentry$$0000000D)
    .ARM.Collect$$rtexit$$00000000           0x0000020c   Section        4  rtexit.o(.ARM.Collect$$rtexit$$00000000)
    .ARM.Collect$$rtexit$$00000002           0x00000210   Section        0  rtexit2.o(.ARM.Collect$$rtexit$$00000002)
    .ARM.Collect$$rtexit$$00000003           0x00000210   Section        4  rtexit2.o(.ARM.Collect$$rtexit$$00000003)
    .ARM.Collect$$rtexit$$00000004           0x00000214   Section        8  rtexit2.o(.ARM.Collect$$rtexit$$00000004)
    .text                                    0x0000021c   Section       32  startup.o(.text)
    .text                                    0x0000023c   Section        0  list.o(.text)
    .text                                    0x00000350   Section        0  queue.o(.text)
    prvInitialiseNewQueue                    0x0000040c   ARM Code      76  queue.o(.text)
    prvUnlockQueue                           0x000004b8   ARM Code     232  queue.o(.text)
    prvIsQueueFull                           0x000005a0   ARM Code      56  queue.o(.text)
    prvCopyDataToQueue                       0x000005d8   ARM Code     244  queue.o(.text)
    prvInitialiseMutex                       0x00000848   ARM Code      60  queue.o(.text)
    prvIsQueueEmpty                          0x00000a1c   ARM Code      52  queue.o(.text)
    prvCopyDataFromQueue                     0x00000a50   ARM Code      88  queue.o(.text)
    .text                                    0x00000e64   Section        0  tasks.o(.text)
    prvInitialiseTaskLists                   0x00000e64   ARM Code     112  tasks.o(.text)
    prvAddNewTaskToReadyList                 0x00000ed4   ARM Code     272  tasks.o(.text)
    prvInitialiseNewTask                     0x00000fe4   ARM Code     248  tasks.o(.text)
    prvResetNextTaskUnblockTime              0x00001180   ARM Code      88  tasks.o(.text)
    prvDeleteTCB                             0x000011d8   ARM Code      32  tasks.o(.text)
    prvAddCurrentTaskToDelayedList           0x000015f4   ARM Code     184  tasks.o(.text)
    prvTaskIsTaskSuspended                   0x00001b7c   ARM Code     124  tasks.o(.text)
    prvCheckTasksWaitingTermination          0x00001d94   ARM Code     160  tasks.o(.text)
    prvIdleTask                              0x00001e34   ARM Code      32  tasks.o(.text)
    prvTaskCheckFreeStackSpace               0x00001f54   ARM Code      48  tasks.o(.text)
    prvListTasksWithinSingleList             0x00002064   ARM Code     188  tasks.o(.text)
    .text                                    0x00002c24   Section        0  heap_1.o(.text)
    .text                                    0x00002d0c   Section        0  port.o(.text)
    prvSetupTimerInterrupt                   0x00002df8   ARM Code     100  port.o(.text)
    .text                                    0x00002f04   Section        0  mutex.o(.text)
    .text                                    0x000031a8   Section      212  rt_memcpy.o(.text)
    .text                                    0x0000327c   Section       16  aeabi_memset.o(.text)
    .text                                    0x0000328c   Section      384  aeabi_sdiv.o(.text)
    __arm_div8                               0x000032b8   ARM Code       0  aeabi_sdiv.o(.text)
    __arm_div5                               0x000032dc   ARM Code       0  aeabi_sdiv.o(.text)
    __arm_div2                               0x00003300   ARM Code       0  aeabi_sdiv.o(.text)
    __arm_div_large                          0x0000333c   ARM Code       0  aeabi_sdiv.o(.text)
    .text                                    0x0000340c   Section        0  heapauxi.o(.text)
    .text                                    0x00003414   Section      100  rt_memcpy_w.o(.text)
    .text                                    0x00003478   Section       64  rt_memclr.o(.text)
    .text                                    0x000034b8   Section       84  rt_memclr_w.o(.text)
    .text                                    0x0000350c   Section       96  sys_stackheap_outer.o(.text)
    .text                                    0x0000356c   Section        0  exit.o(.text)
    .text                                    0x00003578   Section       12  libspace.o(.text)
    .text                                    0x0000358c   Section        0  sys_exit.o(.text)
    .text                                    0x00003598   Section        4  use_no_semi.o(.text)
    .text                                    0x0000359c   Section        0  indicate_semi.o(.text)
    .text_udiv                               0x0000359c   Section       36  aeabi_sdiv.o(.text_udiv)
    PORT_ASM                                 0x000035c0   Section      396  portasm.o(PORT_ASM)
    .data                                    0x40000000   Section       60  tasks.o(.data)
    uxDeletedTasksWaitingCleanUp             0x40000004   Data           4  tasks.o(.data)
    uxCurrentNumberOfTasks                   0x40000008   Data           4  tasks.o(.data)
    xTickCount                               0x4000000c   Data           4  tasks.o(.data)
    uxTopReadyPriority                       0x40000010   Data           4  tasks.o(.data)
    xSchedulerRunning                        0x40000014   Data           4  tasks.o(.data)
    uxPendedTicks                            0x40000018   Data           4  tasks.o(.data)
    xYieldPending                            0x4000001c   Data           4  tasks.o(.data)
    xNumOfOverflows                          0x40000020   Data           4  tasks.o(.data)
    uxTaskNumber                             0x40000024   Data           4  tasks.o(.data)
    xNextTaskUnblockTime                     0x40000028   Data           4  tasks.o(.data)
    xIdleTaskHandle                          0x4000002c   Data           4  tasks.o(.data)
    uxSchedulerSuspended                     0x40000030   Data           4  tasks.o(.data)
    pxDelayedTaskList                        0x40000034   Data           4  tasks.o(.data)
    pxOverflowDelayedTaskList                0x40000038   Data           4  tasks.o(.data)
    .data                                    0x4000003c   Section        8  heap_1.o(.data)
    xNextFreeByte                            0x4000003c   Data           4  heap_1.o(.data)
    pucAlignedHeap                           0x40000040   Data           4  heap_1.o(.data)
    .data                                    0x40000044   Section        4  port.o(.data)
    .data                                    0x40000048   Section        4  mutex.o(.data)
    .bss                                     0x4000004c   Section      180  tasks.o(.bss)
    pxReadyTasksLists                        0x4000004c   Data          80  tasks.o(.bss)
    xDelayedTaskList1                        0x4000009c   Data          20  tasks.o(.bss)
    xDelayedTaskList2                        0x400000b0   Data          20  tasks.o(.bss)
    xPendingReadyList                        0x400000c4   Data          20  tasks.o(.bss)
    xTasksWaitingTermination                 0x400000d8   Data          20  tasks.o(.bss)
    xSuspendedTaskList                       0x400000ec   Data          20  tasks.o(.bss)
    .bss                                     0x40000100   Section     8192  heap_1.o(.bss)
    ucHeap                                   0x40000100   Data        8192  heap_1.o(.bss)
    .bss                                     0x40002100   Section       96  libspace.o(.bss)
    HEAP                                     0x40002160   Section        0  startup.o(HEAP)
    STACK                                    0x40002160   Section     1160  startup.o(STACK)
    Heap_Mem                                 0x40002160   Data           0  startup.o(HEAP)
    Stack_Mem                                0x40002160   Data        1024  startup.o(STACK)
    Stack_Top                                0x400025e8   Data           0  startup.o(STACK)

    Global Symbols

    Symbol Name                              Value     Ov Type        Size  Object(Section)

    BuildAttributes$$THM_ISAv1$ARM_ISAv4$S$PE$A:L22$X:L11$S22$IEEE1$IW$USESV6$~STKCKD$USESV7$~SHL$OSPACE$ROPI$EBA8$UX$STANDARDLIB$REQ8$PRES8$EABIv2 0x00000000   Number         0  anon$$obj.o ABSOLUTE
    __ARM_use_no_argv                        0x00000000   Number         0  mutex.o ABSOLUTE
    __ARM_exceptions_init                     - Undefined Weak Reference
    __alloca_initialize                       - Undefined Weak Reference
    __cpp_initialize__aeabi_                  - Undefined Weak Reference
    __cxa_finalize                            - Undefined Weak Reference
    __rt_locale                               - Undefined Weak Reference
    __sigvec_lookup                           - Undefined Weak Reference
    _atexit_init                              - Undefined Weak Reference
    _call_atexit_fns                          - Undefined Weak Reference
    _clock_init                               - Undefined Weak Reference
    _fp_trap_init                             - Undefined Weak Reference
    _fp_trap_shutdown                         - Undefined Weak Reference
    _get_lc_collate                           - Undefined Weak Reference
    _get_lc_ctype                             - Undefined Weak Reference
    _get_lc_monetary                          - Undefined Weak Reference
    _get_lc_numeric                           - Undefined Weak Reference
    _get_lc_time                              - Undefined Weak Reference
    _getenv_init                              - Undefined Weak Reference
    _handle_redirection                       - Undefined Weak Reference
    _init_alloc                               - Undefined Weak Reference
    _init_user_alloc                          - Undefined Weak Reference
    _initio                                   - Undefined Weak Reference
    _rand_init                                - Undefined Weak Reference
    _signal_finish                            - Undefined Weak Reference
    _signal_init                              - Undefined Weak Reference
    _terminate_alloc                          - Undefined Weak Reference
    _terminate_user_alloc                     - Undefined Weak Reference
    _terminateio                              - Undefined Weak Reference
    Reset_Handler                            0x00000058   ARM Code       0  startup.o(RESET)
    __main                                   0x00000110   ARM Code       8  __main.o(!!!main)
    __scatterload                            0x00000118   ARM Code       0  __scatter.o(!!!scatter)
    __scatterload_rt2                        0x00000118   ARM Code      52  __scatter.o(!!!scatter)
    __scatterload_null                       0x0000012c   ARM Code       0  __scatter.o(!!!scatter)
    __scatterload_copy                       0x00000154   ARM Code      40  __scatter_copy.o(!!handler_copy)
    __scatterload_zeroinit                   0x0000017c   ARM Code      44  __scatter_zi.o(!!handler_zi)
    Inline ARM to Thumb Veneer to __rt_lib_init 0x000001a8   ARM Code       8  libinit.o(.ARM.Collect$$libinit$$00000000)
    __rt_lib_init                            0x000001b1   Thumb Code     0  libinit.o(.ARM.Collect$$libinit$$00000000)
    __rt_lib_init_alloca_1                   0x000001b3   Thumb Code     0  libinit2.o(.ARM.Collect$$libinit$$0000002C)
    __rt_lib_init_argv_1                     0x000001b3   Thumb Code     0  libinit2.o(.ARM.Collect$$libinit$$0000002A)
    __rt_lib_init_atexit_1                   0x000001b3   Thumb Code     0  libinit2.o(.ARM.Collect$$libinit$$00000019)
    __rt_lib_init_clock_1                    0x000001b3   Thumb Code     0  libinit2.o(.ARM.Collect$$libinit$$0000001F)
    __rt_lib_init_cpp_1                      0x000001b3   Thumb Code     0  libinit2.o(.ARM.Collect$$libinit$$00000030)
    __rt_lib_init_exceptions_1               0x000001b3   Thumb Code     0  libinit2.o(.ARM.Collect$$libinit$$0000002E)
    __rt_lib_init_fp_1                       0x000001b3   Thumb Code     0  libinit2.o(.ARM.Collect$$libinit$$00000002)
    __rt_lib_init_fp_trap_1                  0x000001b3   Thumb Code     0  libinit2.o(.ARM.Collect$$libinit$$0000001D)
    __rt_lib_init_getenv_1                   0x000001b3   Thumb Code     0  libinit2.o(.ARM.Collect$$libinit$$00000021)
    __rt_lib_init_heap_1                     0x000001b3   Thumb Code     0  libinit2.o(.ARM.Collect$$libinit$$00000008)
    __rt_lib_init_lc_collate_1               0x000001b3   Thumb Code     0  libinit2.o(.ARM.Collect$$libinit$$0000000F)
    __rt_lib_init_lc_ctype_1                 0x000001b3   Thumb Code     0  libinit2.o(.ARM.Collect$$libinit$$00000011)
    __rt_lib_init_lc_monetary_1              0x000001b3   Thumb Code     0  libinit2.o(.ARM.Collect$$libinit$$00000013)
    __rt_lib_init_lc_numeric_1               0x000001b3   Thumb Code     0  libinit2.o(.ARM.Collect$$libinit$$00000015)
    __rt_lib_init_lc_time_1                  0x000001b3   Thumb Code     0  libinit2.o(.ARM.Collect$$libinit$$00000017)
    __rt_lib_init_rand_1                     0x000001b3   Thumb Code     0  libinit2.o(.ARM.Collect$$libinit$$0000000C)
    __rt_lib_init_return                     0x000001b3   Thumb Code     0  libinit2.o(.ARM.Collect$$libinit$$00000031)
    __rt_lib_init_signal_1                   0x000001b3   Thumb Code     0  libinit2.o(.ARM.Collect$$libinit$$0000001B)
    __rt_lib_init_stdio_1                    0x000001b3   Thumb Code     0  libinit2.o(.ARM.Collect$$libinit$$00000023)
    __rt_lib_init_user_alloc_1               0x000001b3   Thumb Code     0  libinit2.o(.ARM.Collect$$libinit$$0000000A)
    Inline ARM to Thumb Veneer to __rt_lib_shutdown 0x000001c0   ARM Code       8  libshutdown.o(.ARM.Collect$$libshutdown$$00000000)
    __rt_lib_shutdown                        0x000001c9   Thumb Code     0  libshutdown.o(.ARM.Collect$$libshutdown$$00000000)
    __rt_lib_shutdown_fp_trap_1              0x000001cd   Thumb Code     0  libshutdown2.o(.ARM.Collect$$libshutdown$$00000006)
    __rt_lib_shutdown_heap_1                 0x000001cd   Thumb Code     0  libshutdown2.o(.ARM.Collect$$libshutdown$$0000000E)
    __rt_lib_shutdown_return                 0x000001cd   Thumb Code     0  libshutdown2.o(.ARM.Collect$$libshutdown$$0000000F)
    __rt_lib_shutdown_signal_1               0x000001cd   Thumb Code     0  libshutdown2.o(.ARM.Collect$$libshutdown$$00000009)
    __rt_lib_shutdown_stdio_1                0x000001cd   Thumb Code     0  libshutdown2.o(.ARM.Collect$$libshutdown$$00000003)
    __rt_lib_shutdown_user_alloc_1           0x000001cd   Thumb Code     0  libshutdown2.o(.ARM.Collect$$libshutdown$$0000000B)
    __rt_entry                               0x000001d4   ARM Code       0  rtentry.o(.ARM.Collect$$rtentry$$00000000)
    __rt_entry_presh_1                       0x000001d4   ARM Code       0  rtentry2.o(.ARM.Collect$$rtentry$$00000002)
    __rt_entry_sh                            0x000001d4   ARM Code       0  rtentry4.o(.ARM.Collect$$rtentry$$00000004)
    __rt_entry_li                            0x000001dc   ARM Code       0  rtentry2.o(.ARM.Collect$$rtentry$$0000000A)
    __rt_entry_postsh_1                      0x000001dc   ARM Code       0  rtentry2.o(.ARM.Collect$$rtentry$$00000009)
    __rt_entry_main                          0x000001e0   ARM Code       0  rtentry2.o(.ARM.Collect$$rtentry$$0000000D)
    __rt_entry_postli_1                      0x000001e0   ARM Code       0  rtentry2.o(.ARM.Collect$$rtentry$$0000000C)
    Inline Thumb to ARM Veneer to __rt_exit  0x00000209   Thumb Code     4  rtexit.o(.ARM.Collect$$rtexit$$00000000)
    __rt_exit                                0x0000020c   ARM Code       0  rtexit.o(.ARM.Collect$$rtexit$$00000000)
    __rt_exit_ls                             0x00000210   ARM Code       0  rtexit2.o(.ARM.Collect$$rtexit$$00000003)
    __rt_exit_prels_1                        0x00000210   ARM Code       0  rtexit2.o(.ARM.Collect$$rtexit$$00000002)
    __rt_exit_exit                           0x00000214   ARM Code       0  rtexit2.o(.ARM.Collect$$rtexit$$00000004)
    __user_initial_stackheap                 0x0000021c   ARM Code       0  startup.o(.text)
    vListInitialise                          0x0000023c   ARM Code      44  list.o(.text)
    vListInitialiseItem                      0x00000268   ARM Code      12  list.o(.text)
    vListInsertEnd                           0x00000274   ARM Code      48  list.o(.text)
    vListInsert                              0x000002a4   ARM Code      96  list.o(.text)
    uxListRemove                             0x00000304   ARM Code      76  list.o(.text)
    xQueueGenericReset                       0x00000350   ARM Code     188  queue.o(.text)
    xQueueGenericCreate                      0x00000458   ARM Code      96  queue.o(.text)
    xQueueGenericSend                        0x000006cc   ARM Code     380  queue.o(.text)
    xQueueCreateMutex                        0x00000884   ARM Code      56  queue.o(.text)
    xQueueGenericSendFromISR                 0x000008bc   ARM Code     188  queue.o(.text)
    xQueueGiveFromISR                        0x00000978   ARM Code     164  queue.o(.text)
    xQueueGenericReceive                     0x00000aa8   ARM Code     488  queue.o(.text)
    xQueueReceiveFromISR                     0x00000c90   ARM Code     176  queue.o(.text)
    xQueuePeekFromISR                        0x00000d40   ARM Code      76  queue.o(.text)
    uxQueueMessagesWaiting                   0x00000d8c   ARM Code      32  queue.o(.text)
    uxQueueSpacesAvailable                   0x00000dac   ARM Code      44  queue.o(.text)
    uxQueueMessagesWaitingFromISR            0x00000dd8   ARM Code      12  queue.o(.text)
    vQueueDelete                             0x00000de4   ARM Code      28  queue.o(.text)
    uxQueueGetQueueNumber                    0x00000e00   ARM Code      12  queue.o(.text)
    vQueueSetQueueNumber                     0x00000e0c   ARM Code       8  queue.o(.text)
    ucQueueGetQueueType                      0x00000e14   ARM Code      12  queue.o(.text)
    xQueueIsQueueEmptyFromISR                0x00000e20   ARM Code      32  queue.o(.text)
    xQueueIsQueueFullFromISR                 0x00000e40   ARM Code      36  queue.o(.text)
    xTaskCreate                              0x000010dc   ARM Code     164  tasks.o(.text)
    vTaskDelete                              0x000011f8   ARM Code     232  tasks.o(.text)
    xTaskIncrementTick                       0x000012e0   ARM Code     440  tasks.o(.text)
    xTaskResumeAll                           0x00001498   ARM Code     348  tasks.o(.text)
    vTaskSuspendAll                          0x000016ac   ARM Code      24  tasks.o(.text)
    vTaskDelayUntil                          0x000016c4   ARM Code     152  tasks.o(.text)
    vTaskDelay                               0x0000175c   ARM Code      64  tasks.o(.text)
    eTaskGetState                            0x0000179c   ARM Code     172  tasks.o(.text)
    uxTaskPriorityGet                        0x00001848   ARM Code      60  tasks.o(.text)
    uxTaskPriorityGetFromISR                 0x00001884   ARM Code      44  tasks.o(.text)
    vTaskPrioritySet                         0x000018b0   ARM Code     328  tasks.o(.text)
    vTaskSwitchContext                       0x000019f8   ARM Code     184  tasks.o(.text)
    vTaskSuspend                             0x00001ab0   ARM Code     204  tasks.o(.text)
    vTaskResume                              0x00001bf8   ARM Code     240  tasks.o(.text)
    xTaskResumeFromISR                       0x00001ce8   ARM Code     172  tasks.o(.text)
    vTaskStartScheduler                      0x00001e54   ARM Code     116  tasks.o(.text)
    vTaskEndScheduler                        0x00001ec8   ARM Code      40  tasks.o(.text)
    xTaskGetTickCount                        0x00001ef0   ARM Code      32  tasks.o(.text)
    xTaskGetTickCountFromISR                 0x00001f10   ARM Code      16  tasks.o(.text)
    uxTaskGetNumberOfTasks                   0x00001f20   ARM Code      12  tasks.o(.text)
    pcTaskGetName                            0x00001f2c   ARM Code      40  tasks.o(.text)
    vTaskGetTaskInfo                         0x00001f84   ARM Code     224  tasks.o(.text)
    uxTaskGetSystemState                     0x00002120   ARM Code     228  tasks.o(.text)
    vTaskPlaceOnEventList                    0x00002204   ARM Code      52  tasks.o(.text)
    vTaskPlaceOnUnorderedEventList           0x00002238   ARM Code      72  tasks.o(.text)
    xTaskRemoveFromEventList                 0x00002280   ARM Code     180  tasks.o(.text)
    xTaskRemoveFromUnorderedEventList        0x00002334   ARM Code     156  tasks.o(.text)
    vTaskSetTimeOutState                     0x000023d0   ARM Code      28  tasks.o(.text)
    xTaskCheckForTimeOut                     0x000023ec   ARM Code     160  tasks.o(.text)
    vTaskMissedYield                         0x0000248c   ARM Code      16  tasks.o(.text)
    uxTaskGetTaskNumber                      0x0000249c   ARM Code      32  tasks.o(.text)
    vTaskSetTaskNumber                       0x000024bc   ARM Code      20  tasks.o(.text)
    xTaskGetCurrentTaskHandle                0x000024d0   ARM Code      12  tasks.o(.text)
    vTaskPriorityInherit                     0x000024dc   ARM Code     232  tasks.o(.text)
    xTaskPriorityDisinherit                  0x000025c4   ARM Code     164  tasks.o(.text)
    uxTaskResetEventItemValue                0x00002668   ARM Code      44  tasks.o(.text)
    pvTaskIncrementMutexHeldCount            0x00002694   ARM Code      52  tasks.o(.text)
    ulTaskNotifyTake                         0x000026c8   ARM Code     180  tasks.o(.text)
    xTaskNotifyWait                          0x0000277c   ARM Code     228  tasks.o(.text)
    xTaskGenericNotify                       0x00002860   ARM Code     300  tasks.o(.text)
    xTaskGenericNotifyFromISR                0x0000298c   ARM Code     364  tasks.o(.text)
    vTaskNotifyGiveFromISR                   0x00002af8   ARM Code     212  tasks.o(.text)
    xTaskNotifyStateClear                    0x00002bcc   ARM Code      88  tasks.o(.text)
    pvPortMalloc                             0x00002c24   ARM Code     176  heap_1.o(.text)
    vPortFree                                0x00002cd4   ARM Code       4  heap_1.o(.text)
    vPortInitialiseBlocks                    0x00002cd8   ARM Code      16  heap_1.o(.text)
    xPortGetFreeHeapSize                     0x00002ce8   ARM Code      20  heap_1.o(.text)
    pxPortInitialiseStack                    0x00002d0c   ARM Code     236  port.o(.text)
    xPortStartScheduler                      0x00002e5c   ARM Code      24  port.o(.text)
    vPortEndScheduler                        0x00002e74   ARM Code       4  port.o(.text)
    vPortEnterCritical                       0x00002e78   ARM Code      36  port.o(.text)
    vPortExitCritical                        0x00002e9c   ARM Code      68  port.o(.text)
    uart_tx_string                           0x00002f04   ARM Code      52  mutex.o(.text)
    task2                                    0x00002f38   ARM Code      80  mutex.o(.text)
    task1                                    0x00002f88   ARM Code      80  mutex.o(.text)
    init_uart                                0x00002fd8   ARM Code     100  mutex.o(.text)
    init_pll                                 0x0000303c   ARM Code      96  mutex.o(.text)
    main                                     0x0000309c   ARM Code     140  mutex.o(.text)
    vApplicationStackOverflowHook            0x00003128   ARM Code     128  mutex.o(.text)
    __aeabi_memcpy                           0x000031a8   ARM Code       0  rt_memcpy.o(.text)
    __rt_memcpy                              0x000031a8   ARM Code     212  rt_memcpy.o(.text)
    _memcpy_lastbytes                        0x0000325c   ARM Code       0  rt_memcpy.o(.text)
    __aeabi_memset                           0x0000327c   ARM Code      16  aeabi_memset.o(.text)
    __aeabi_idiv                             0x0000328c   ARM Code       0  aeabi_sdiv.o(.text)
    __aeabi_idivmod                          0x0000328c   ARM Code     384  aeabi_sdiv.o(.text)
    __use_two_region_memory                  0x0000340d   Thumb Code     2  heapauxi.o(.text)
    __rt_heap_escrow$2region                 0x0000340f   Thumb Code     2  heapauxi.o(.text)
    __rt_heap_expand$2region                 0x00003411   Thumb Code     2  heapauxi.o(.text)
    __aeabi_memcpy4                          0x00003414   ARM Code       0  rt_memcpy_w.o(.text)
    __aeabi_memcpy8                          0x00003414   ARM Code       0  rt_memcpy_w.o(.text)
    __rt_memcpy_w                            0x00003414   ARM Code     100  rt_memcpy_w.o(.text)
    _memcpy_lastbytes_aligned                0x00003460   ARM Code       0  rt_memcpy_w.o(.text)
    __aeabi_memclr                           0x00003478   ARM Code       0  rt_memclr.o(.text)
    __rt_memclr                              0x00003478   ARM Code      64  rt_memclr.o(.text)
    _memset                                  0x0000347c   ARM Code       0  rt_memclr.o(.text)
    __aeabi_memclr4                          0x000034b8   ARM Code       0  rt_memclr_w.o(.text)
    __aeabi_memclr8                          0x000034b8   ARM Code       0  rt_memclr_w.o(.text)
    __rt_memclr_w                            0x000034b8   ARM Code      84  rt_memclr_w.o(.text)
    _memset_w                                0x000034bc   ARM Code       0  rt_memclr_w.o(.text)
    __user_setup_stackheap                   0x0000350c   ARM Code      96  sys_stackheap_outer.o(.text)
    exit                                     0x0000356d   Thumb Code    12  exit.o(.text)
    __user_libspace                          0x00003578   ARM Code      12  libspace.o(.text)
    __user_perproc_libspace                  0x00003578   ARM Code       0  libspace.o(.text)
    __user_perthread_libspace                0x00003578   ARM Code       0  libspace.o(.text)
    Inline ARM to Thumb Veneer to _sys_exit  0x00003584   ARM Code       8  sys_exit.o(.text)
    _sys_exit                                0x0000358d   Thumb Code     8  sys_exit.o(.text)
    __I$use$semihosting                      0x00003598   ARM Code       0  use_no_semi.o(.text)
    __use_no_semihosting_swi                 0x00003598   ARM Code       4  use_no_semi.o(.text)
    __aeabi_uidiv                            0x0000359c   ARM Code       0  aeabi_sdiv.o(.text_udiv)
    __aeabi_uidivmod                         0x0000359c   ARM Code      36  aeabi_sdiv.o(.text_udiv)
    __semihosting_library_function           0x0000359c   ARM Code       0  indicate_semi.o(.text)
    vPortStartFirstTask                      0x000035c0   ARM Code       0  portasm.o(PORT_ASM)
    vPortYield                               0x000035f0   ARM Code       0  portasm.o(PORT_ASM)
    vPortYieldProcessor                      0x000035f8   ARM Code       0  portasm.o(PORT_ASM)
    vPreemptiveTick                          0x00003684   ARM Code       0  portasm.o(PORT_ASM)
    Region$$Table$$Base                      0x0000374c   Number         0  anon$$obj.o(Region$$Table)
    Region$$Table$$Limit                     0x0000376c   Number         0  anon$$obj.o(Region$$Table)
    pxCurrentTCB                             0x40000000   Data           4  tasks.o(.data)
    ulCriticalNesting                        0x40000044   Data           4  port.o(.data)
    xMutex                                   0x40000048   Data           4  mutex.o(.data)
    __libspace_start                         0x40002100   Data          96  libspace.o(.bss)
    __temporary_stack_top$libspace           0x40002160   Data           0  libspace.o(.bss)



==============================================================================

Memory Map of the image

  Image Entry point : 0x00000110

  Load Region LR_IROM1 (Base: 0x00000000, Size: 0x000037b8, Max: 0x00080000, ABSOLUTE)

    Execution Region ER_IROM1 (Base: 0x00000000, Size: 0x0000376c, Max: 0x00080000, ABSOLUTE)

    Base Addr    Size         Type   Attr      Idx    E Section Name        Object

    0x00000000   0x00000110   Code   RO            3    RESET               startup.o
    0x00000110   0x00000008   Code   RO          193  * !!!main             c_t.l(__main.o)
    0x00000118   0x0000003c   Code   RO          365    !!!scatter          c_t.l(__scatter.o)
    0x00000154   0x00000028   Code   RO          367    !!handler_copy      c_t.l(__scatter_copy.o)
    0x0000017c   0x0000002c   Code   RO          369    !!handler_zi        c_t.l(__scatter_zi.o)
    0x000001a8   0x00000008   Ven    RO          236    .ARM.Collect$$libinit$$00000000  c_t.l(libinit.o)
    0x000001b0   0x00000002   Code   RO          236    .ARM.Collect$$libinit$$00000000  c_t.l(libinit.o)
    0x000001b2   0x00000000   Code   RO          249    .ARM.Collect$$libinit$$00000002  c_t.l(libinit2.o)
    0x000001b2   0x00000000   Code   RO          252    .ARM.Collect$$libinit$$00000008  c_t.l(libinit2.o)
    0x000001b2   0x00000000   Code   RO          254    .ARM.Collect$$libinit$$0000000A  c_t.l(libinit2.o)
    0x000001b2   0x00000000   Code   RO          256    .ARM.Collect$$libinit$$0000000C  c_t.l(libinit2.o)
    0x000001b2   0x00000000   Code   RO          259    .ARM.Collect$$libinit$$0000000F  c_t.l(libinit2.o)
    0x000001b2   0x00000000   Code   RO          261    .ARM.Collect$$libinit$$00000011  c_t.l(libinit2.o)
    0x000001b2   0x00000000   Code   RO          263    .ARM.Collect$$libinit$$00000013  c_t.l(libinit2.o)
    0x000001b2   0x00000000   Code   RO          265    .ARM.Collect$$libinit$$00000015  c_t.l(libinit2.o)
    0x000001b2   0x00000000   Code   RO          267    .ARM.Collect$$libinit$$00000017  c_t.l(libinit2.o)
    0x000001b2   0x00000000   Code   RO          269    .ARM.Collect$$libinit$$00000019  c_t.l(libinit2.o)
    0x000001b2   0x00000000   Code   RO          271    .ARM.Collect$$libinit$$0000001B  c_t.l(libinit2.o)
    0x000001b2   0x00000000   Code   RO          273    .ARM.Collect$$libinit$$0000001D  c_t.l(libinit2.o)
    0x000001b2   0x00000000   Code   RO          275    .ARM.Collect$$libinit$$0000001F  c_t.l(libinit2.o)
    0x000001b2   0x00000000   Code   RO          277    .ARM.Collect$$libinit$$00000021  c_t.l(libinit2.o)
    0x000001b2   0x00000000   Code   RO          279    .ARM.Collect$$libinit$$00000023  c_t.l(libinit2.o)
    0x000001b2   0x00000000   Code   RO          283    .ARM.Collect$$libinit$$0000002A  c_t.l(libinit2.o)
    0x000001b2   0x00000000   Code   RO          285    .ARM.Collect$$libinit$$0000002C  c_t.l(libinit2.o)
    0x000001b2   0x00000000   Code   RO          287    .ARM.Collect$$libinit$$0000002E  c_t.l(libinit2.o)
    0x000001b2   0x00000000   Code   RO          289    .ARM.Collect$$libinit$$00000030  c_t.l(libinit2.o)
    0x000001b2   0x0000000c   Code   RO          290    .ARM.Collect$$libinit$$00000031  c_t.l(libinit2.o)
    0x000001be   0x00000002   PAD
    0x000001c0   0x00000008   Ven    RO          323    .ARM.Collect$$libshutdown$$00000000  c_t.l(libshutdown.o)
    0x000001c8   0x00000004   Code   RO          323    .ARM.Collect$$libshutdown$$00000000  c_t.l(libshutdown.o)
    0x000001cc   0x00000000   Code   RO          350    .ARM.Collect$$libshutdown$$00000003  c_t.l(libshutdown2.o)
    0x000001cc   0x00000000   Code   RO          353    .ARM.Collect$$libshutdown$$00000006  c_t.l(libshutdown2.o)
    0x000001cc   0x00000000   Code   RO          356    .ARM.Collect$$libshutdown$$00000009  c_t.l(libshutdown2.o)
    0x000001cc   0x00000000   Code   RO          358    .ARM.Collect$$libshutdown$$0000000B  c_t.l(libshutdown2.o)
    0x000001cc   0x00000000   Code   RO          361    .ARM.Collect$$libshutdown$$0000000E  c_t.l(libshutdown2.o)
    0x000001cc   0x00000006   Code   RO          362    .ARM.Collect$$libshutdown$$0000000F  c_t.l(libshutdown2.o)
    0x000001d2   0x00000002   PAD
    0x000001d4   0x00000000   Code   RO          195    .ARM.Collect$$rtentry$$00000000  c_t.l(rtentry.o)
    0x000001d4   0x00000000   Code   RO          205    .ARM.Collect$$rtentry$$00000002  c_t.l(rtentry2.o)
    0x000001d4   0x00000008   Code   RO          217    .ARM.Collect$$rtentry$$00000004  c_t.l(rtentry4.o)
    0x000001dc   0x00000000   Code   RO          207    .ARM.Collect$$rtentry$$00000009  c_t.l(rtentry2.o)
    0x000001dc   0x00000004   Code   RO          208    .ARM.Collect$$rtentry$$0000000A  c_t.l(rtentry2.o)
    0x000001e0   0x00000000   Code   RO          210    .ARM.Collect$$rtentry$$0000000C  c_t.l(rtentry2.o)
    0x000001e0   0x00000028   Code   RO          211    .ARM.Collect$$rtentry$$0000000D  c_t.l(rtentry2.o)
    0x00000208   0x00000004   Ven    RO          240    .ARM.Collect$$rtexit$$00000000  c_t.l(rtexit.o)
    0x0000020c   0x00000004   Code   RO          240    .ARM.Collect$$rtexit$$00000000  c_t.l(rtexit.o)
    0x00000210   0x00000000   Code   RO          294    .ARM.Collect$$rtexit$$00000002  c_t.l(rtexit2.o)
    0x00000210   0x00000004   Code   RO          295    .ARM.Collect$$rtexit$$00000003  c_t.l(rtexit2.o)
    0x00000214   0x00000008   Code   RO          296    .ARM.Collect$$rtexit$$00000004  c_t.l(rtexit2.o)
    0x0000021c   0x00000020   Code   RO            4    .text               startup.o
    0x0000023c   0x00000114   Code   RO           11    .text               list.o
    0x00000350   0x00000b14   Code   RO           60    .text               queue.o
    0x00000e64   0x00001dc0   Code   RO           81    .text               tasks.o
    0x00002c24   0x000000e8   Code   RO          109    .text               heap_1.o
    0x00002d0c   0x000001f8   Code   RO          124    .text               port.o
    0x00002f04   0x000002a4   Code   RO          142    .text               mutex.o
    0x000031a8   0x000000d4   Code   RO          171    .text               c_t.l(rt_memcpy.o)
    0x0000327c   0x00000010   Code   RO          173    .text               c_t.l(aeabi_memset.o)
    0x0000328c   0x00000180   Code   RO          175    .text               c_t.l(aeabi_sdiv.o)
    0x0000340c   0x00000006   Code   RO          191    .text               c_t.l(heapauxi.o)
    0x00003412   0x00000002   PAD
    0x00003414   0x00000064   Code   RO          200    .text               c_t.l(rt_memcpy_w.o)
    0x00003478   0x00000040   Code   RO          202    .text               c_t.l(rt_memclr.o)
    0x000034b8   0x00000054   Code   RO          221    .text               c_t.l(rt_memclr_w.o)
    0x0000350c   0x00000060   Code   RO          223    .text               c_t.l(sys_stackheap_outer.o)
    0x0000356c   0x0000000c   Code   RO          225    .text               c_t.l(exit.o)
    0x00003578   0x0000000c   Code   RO          237    .text               c_t.l(libspace.o)
    0x00003584   0x00000008   Ven    RO          291    .text               c_t.l(sys_exit.o)
    0x0000358c   0x0000000c   Code   RO          291    .text               c_t.l(sys_exit.o)
    0x00003598   0x00000004   Code   RO          312    .text               c_t.l(use_no_semi.o)
    0x0000359c   0x00000000   Code   RO          314    .text               c_t.l(indicate_semi.o)
    0x0000359c   0x00000024   Code   RO          176    .text_udiv          c_t.l(aeabi_sdiv.o)
    0x000035c0   0x0000018c   Code   RO          139    PORT_ASM            portasm.o
    0x0000374c   0x00000020   Data   RO          363    Region$$Table       anon$$obj.o


    Execution Region RW_IRAM1 (Base: 0x40000000, Size: 0x000025e8, Max: 0x00008000, ABSOLUTE)

    Base Addr    Size         Type   Attr      Idx    E Section Name        Object

    0x40000000   0x0000003c   Data   RW           83    .data               tasks.o
    0x4000003c   0x00000008   Data   RW          111    .data               heap_1.o
    0x40000044   0x00000004   Data   RW          125    .data               port.o
    0x40000048   0x00000004   Data   RW          143    .data               mutex.o
    0x4000004c   0x000000b4   Zero   RW           82    .bss                tasks.o
    0x40000100   0x00002000   Zero   RW          110    .bss                heap_1.o
    0x40002100   0x00000060   Zero   RW          238    .bss                c_t.l(libspace.o)
    0x40002160   0x00000000   Zero   RW            2    HEAP                startup.o
    0x40002160   0x00000488   Zero   RW            1    STACK               startup.o


==============================================================================

Image component sizes


      Code (inc. data)   RO Data    RW Data    ZI Data      Debug   Object Name

       232         16          0          8       8192       1832   heap_1.o
       276          0          0          0          0      13126   list.o
       676        112          0          4          0       3744   mutex.o
       504         36          0          4          0       2747   port.o
       396         24          0          0          0        356   portasm.o
      2836          0          0          0          0      15935   queue.o
       304         60          0          0       1160        484   startup.o
      7616         96          0         60        180      20847   tasks.o

    ----------------------------------------------------------------------
     12840        344         32         76       9532      59071   Object Totals
         0          0         32          0          0          0   (incl. Generated)
         0          0          0          0          0          0   (incl. Padding)

    ----------------------------------------------------------------------

      Code (inc. data)   RO Data    RW Data    ZI Data      Debug   Library Member Name

         8          0          0          0          0         68   __main.o
        60          8          0          0          0          0   __scatter.o
        40          0          0          0          0          0   __scatter_copy.o
        44          0          0          0          0          0   __scatter_zi.o
        16          0          0          0          0         68   aeabi_memset.o
       420          0          0          0          0        148   aeabi_sdiv.o
        12          0          0          0          0         64   exit.o
         6          0          0          0          0        136   heapauxi.o
         0          0          0          0          0          0   indicate_semi.o
        10          0          0          0          0          0   libinit.o
        12          0          0          0          0          0   libinit2.o
        12          0          0          0          0          0   libshutdown.o
         6          0          0          0          0          0   libshutdown2.o
        12          4          0          0         96         68   libspace.o
        64          0          0          0          0         68   rt_memclr.o
        84          0          0          0          0         80   rt_memclr_w.o
       212          0          0          0          0         68   rt_memcpy.o
       100          0          0          0          0         80   rt_memcpy_w.o
         0          0          0          0          0          0   rtentry.o
        44          4          0          0          0          0   rtentry2.o
         8          0          0          0          0          0   rtentry4.o
         8          0          0          0          0          0   rtexit.o
        12          0          0          0          0          0   rtexit2.o
        20          4          0          0          0         60   sys_exit.o
        96          0          0          0          0         80   sys_stackheap_outer.o
         4          0          0          0          0         68   use_no_semi.o

    ----------------------------------------------------------------------
      1316         20          0          0         96       1056   Library Totals
         6          0          0          0          0          0   (incl. Padding)

    ----------------------------------------------------------------------

      Code (inc. data)   RO Data    RW Data    ZI Data      Debug   Library Name

      1310         20          0          0         96       1056   c_t.l

    ----------------------------------------------------------------------
      1316         20          0          0         96       1056   Library Totals

    ----------------------------------------------------------------------

==============================================================================


      Code (inc. data)   RO Data    RW Data    ZI Data      Debug   

     14156        364         32         76       9628      58791   Grand Totals
     14156        364         32         76       9628      58791   ELF Image Totals
     14156        364         32         76          0          0   ROM Totals

==============================================================================

    Total RO  Size (Code + RO Data)                14188 (  13.86kB)
    Total RW  Size (RW Data + ZI Data)              9704 (   9.48kB)
    Total ROM Size (Code + RO Data + RW Data)      14264 (  13.93kB)

==============================================================================

