<html>
<body>
<pre>
<h1>µVision Build Log</h1>
<h2>Project:</h2>
C:\Users\siree\OneDrive\Desktop\LPC2148\project-6_DAC_Sawtooth_wave\DAC_sawtooth.c
Project File Date:  10/13/2025

<h2>Output:</h2>
Build target 'Target 1'
compiling sawtooth.c...
linking...
Program Size: Code=800 RO-data=16 RW-data=0 ZI-data=1256  
FromELF: creating hex file...
".\DAC_sawtooth.axf" - 0 Error(s), 0 Warning(s).
</pre>
</body>
</html>
rget not created
ata<<6);
sawtooth.c: 0 warnings, 2 errors
".\DAC_sawtooth.axf" - 2 Error(s), 0 Warning(s).
Target not created
