<html>
<body>
<pre>
<h1>µVision Build Log</h1>
<h2>Project:</h2>
C:\Users\siree\OneDrive\Desktop\LPC2148\projects\p3_task_schedule_with_led\led_task.uvproj
Project File Date:  10/24/2025

<h2>Output:</h2>
Build target 'Target 1'
compiling led.c...
C:\Keil\ARM\Inc\Philips\lpc21xx.h(163): warning:  #47-D: incompatible redefinition of macro "U0IER" (declared at line 188 of "C:\Keil\ARM\Inc\Philips\LPC214x.h")
C:\Keil\ARM\Inc\Philips\lpc21xx.h(164): warning:  #47-D: incompatible redefinition of macro "U0IIR" (declared at line 189 of "C:\Keil\ARM\Inc\Philips\LPC214x.h")
C:\Keil\ARM\Inc\Philips\lpc21xx.h(169): warning:  #47-D: incompatible redefinition of macro "U0FDR" (declared at line 199 of "C:\Keil\ARM\Inc\Philips\LPC214x.h")
C:\Keil\ARM\Inc\Philips\lpc21xx.h(176): warning:  #47-D: incompatible redefinition of macro "U1IER" (declared at line 205 of "C:\Keil\ARM\Inc\Philips\LPC214x.h")
C:\Keil\ARM\Inc\Philips\lpc21xx.h(177): warning:  #47-D: incompatible redefinition of macro "U1IIR" (declared at line 206 of "C:\Keil\ARM\Inc\Philips\LPC214x.h")
C:\Keil\ARM\Inc\Philips\lpc21xx.h(184): warning:  #47-D: incompatible redefinition of macro "U1FDR" (declared at line 216 of "C:\Keil\ARM\Inc\Philips\LPC214x.h")
compiling list.c...
compiling queue.c...
compiling tasks.c...
compiling timers.c...
compiling heap_2.c...
compiling port.c...
assembling portASM.s...
linking...
Program Size: Code=10352 RO-data=32 RW-data=88 ZI-data=11696  
FromELF: creating hex file...
"led_task.axf" - 0 Error(s), 6 Warning(s).
Build target 'Target 1'
compiling led.c...
C:\Keil\ARM\Inc\Philips\lpc21xx.h(163): warning:  #47-D: incompatible redefinition of macro "U0IER" (declared at line 188 of "C:\Keil\ARM\Inc\Philips\LPC214x.h")
C:\Keil\ARM\Inc\Philips\lpc21xx.h(164): warning:  #47-D: incompatible redefinition of macro "U0IIR" (declared at line 189 of "C:\Keil\ARM\Inc\Philips\LPC214x.h")
C:\Keil\ARM\Inc\Philips\lpc21xx.h(169): warning:  #47-D: incompatible redefinition of macro "U0FDR" (declared at line 199 of "C:\Keil\ARM\Inc\Philips\LPC214x.h")
C:\Keil\ARM\Inc\Philips\lpc21xx.h(176): warning:  #47-D: incompatible redefinition of macro "U1IER" (declared at line 205 of "C:\Keil\ARM\Inc\Philips\LPC214x.h")
C:\Keil\ARM\Inc\Philips\lpc21xx.h(177): warning:  #47-D: incompatible redefinition of macro "U1IIR" (declared at line 206 of "C:\Keil\ARM\Inc\Philips\LPC214x.h")
C:\Keil\ARM\Inc\Philips\lpc21xx.h(184): warning:  #47-D: incompatible redefinition of macro "U1FDR" (declared at line 216 of "C:\Keil\ARM\Inc\Philips\LPC214x.h")
linking...
Program Size: Code=10352 RO-data=32 RW-data=88 ZI-data=11696  
FromELF: creating hex file...
"led_task.axf" - 0 Error(s), 6 Warning(s).
Build target 'Target 1'
compiling led.c...
C:\Keil\ARM\Inc\Philips\lpc21xx.h(163): warning:  #47-D: incompatible redefinition of macro "U0IER" (declared at line 188 of "C:\Keil\ARM\Inc\Philips\LPC214x.h")
C:\Keil\ARM\Inc\Philips\lpc21xx.h(164): warning:  #47-D: incompatible redefinition of macro "U0IIR" (declared at line 189 of "C:\Keil\ARM\Inc\Philips\LPC214x.h")
C:\Keil\ARM\Inc\Philips\lpc21xx.h(169): warning:  #47-D: incompatible redefinition of macro "U0FDR" (declared at line 199 of "C:\Keil\ARM\Inc\Philips\LPC214x.h")
C:\Keil\ARM\Inc\Philips\lpc21xx.h(176): warning:  #47-D: incompatible redefinition of macro "U1IER" (declared at line 205 of "C:\Keil\ARM\Inc\Philips\LPC214x.h")
C:\Keil\ARM\Inc\Philips\lpc21xx.h(177): warning:  #47-D: incompatible redefinition of macro "U1IIR" (declared at line 206 of "C:\Keil\ARM\Inc\Philips\LPC214x.h")
C:\Keil\ARM\Inc\Philips\lpc21xx.h(184): warning:  #47-D: incompatible redefinition of macro "U1FDR" (declared at line 216 of "C:\Keil\ARM\Inc\Philips\LPC214x.h")
linking...
Program Size: Code=10352 RO-data=32 RW-data=88 ZI-data=11696  
FromELF: creating hex file...
"led_task.axf" - 0 Error(s), 6 Warning(s).
Build target 'Target 1'
assembling Startup.s...
linking...
Program Size: Code=10340 RO-data=32 RW-data=88 ZI-data=12104  
FromELF: creating hex file...
"led_task.axf" - 0 Error(s), 0 Warning(s).
