<html>
<body>
<pre>
<h1>µVision Build Log</h1>
<h2>Project:</h2>
C:\Users\siree\OneDrive\Desktop\FreeRTOS-LPC\01_taskCreate\task_create.uvproj
Project File Date:  10/22/2025

<h2>Output:</h2>
Build target 'Target 1'
compiling task.c...
C:\Keil\ARM\Inc\Philips\lpc21xx.h(163): warning:  #47-D: incompatible redefinition of macro "U0IER" (declared at line 188 of "C:\Keil\ARM\Inc\Philips\LPC214x.h")
C:\Keil\ARM\Inc\Philips\lpc21xx.h(164): warning:  #47-D: incompatible redefinition of macro "U0IIR" (declared at line 189 of "C:\Keil\ARM\Inc\Philips\LPC214x.h")
C:\Keil\ARM\Inc\Philips\lpc21xx.h(169): warning:  #47-D: incompatible redefinition of macro "U0FDR" (declared at line 199 of "C:\Keil\ARM\Inc\Philips\LPC214x.h")
C:\Keil\ARM\Inc\Philips\lpc21xx.h(176): warning:  #47-D: incompatible redefinition of macro "U1IER" (declared at line 205 of "C:\Keil\ARM\Inc\Philips\LPC214x.h")
C:\Keil\ARM\Inc\Philips\lpc21xx.h(177): warning:  #47-D: incompatible redefinition of macro "U1IIR" (declared at line 206 of "C:\Keil\ARM\Inc\Philips\LPC214x.h")
C:\Keil\ARM\Inc\Philips\lpc21xx.h(184): warning:  #47-D: incompatible redefinition of macro "U1FDR" (declared at line 216 of "C:\Keil\ARM\Inc\Philips\LPC214x.h")
linking...
task_create.axf: Error: L6218E: Undefined symbol vTaskDelay (referred from task.o).
task_create.axf: Error: L6218E: Undefined symbol vTaskStartScheduler (referred from task.o).
task_create.axf: Error: L6218E: Undefined symbol xTaskCreate (referred from task.o).
Target not created
Build target 'Target 1'
compiling task.c...
linking...
task_create.axf: Error: L6218E: Undefined symbol vTaskDelay (referred from task.o).
task_create.axf: Error: L6218E: Undefined symbol vTaskStartScheduler (referred from task.o).
task_create.axf: Error: L6218E: Undefined symbol xTaskCreate (referred from task.o).
Target not created
Build target 'Target 1'
assembling Startup.s...
compiling task.c...
linking...
task_create.axf: Error: L6218E: Undefined symbol vTaskDelay (referred from task.o).
task_create.axf: Error: L6218E: Undefined symbol vTaskStartScheduler (referred from task.o).
task_create.axf: Error: L6218E: Undefined symbol xTaskCreate (referred from task.o).
Target not created
Build target 'Target 1'
compiling port.c...
compiling queue.c...
C:\Keil\FreeRTOS_V9.0.0rc2\FreeRTOS\Source\queue.c(472): warning:  #177-D: function "prvInitialiseMutex" was declared but never referenced
compiling list.c...
compiling event_groups.c...
compiling tasks.c...
compiling timers.c...
linking...
task_create.axf: Error: L6218E: Undefined symbol vPortStartFirstTask (referred from port.o).
task_create.axf: Error: L6218E: Undefined symbol vPreemptiveTick (referred from port.o).
task_create.axf: Error: L6218E: Undefined symbol pvPortMalloc (referred from queue.o).
task_create.axf: Error: L6218E: Undefined symbol vPortFree (referred from queue.o).
task_create.axf: Error: L6218E: Undefined symbol vPortYield (referred from queue.o).
Target not created
Build target 'Target 1'
linking...
task_create.axf: Error: L6218E: Undefined symbol vPortStartFirstTask (referred from port.o).
task_create.axf: Error: L6218E: Undefined symbol vPreemptiveTick (referred from port.o).
task_create.axf: Error: L6218E: Undefined symbol pvPortMalloc (referred from queue.o).
task_create.axf: Error: L6218E: Undefined symbol vPortFree (referred from queue.o).
task_create.axf: Error: L6218E: Undefined symbol vPortYield (referred from queue.o).
Target not created
Build target 'Target 1'
compiling heap_2.c...
linking...
task_create.axf: Error: L6218E: Undefined symbol vPortStartFirstTask (referred from port.o).
task_create.axf: Error: L6218E: Undefined symbol vPreemptiveTick (referred from port.o).
task_create.axf: Error: L6218E: Undefined symbol vPortYield (referred from queue.o).
Target not created
Build target 'Target 1'
compiling task_creation.c...
linking...
task_create.axf: Error: L6200E: Symbol __ARM_use_no_argv multiply defined (by task_creation.o and task.o).
task_create.axf: Error: L6200E: Symbol UART0_Init multiply defined (by task_creation.o and task.o).
task_create.axf: Error: L6200E: Symbol UART0_SendChar multiply defined (by task_creation.o and task.o).
task_create.axf: Error: L6200E: Symbol Task1 multiply defined (by task_creation.o and task.o).
task_create.axf: Error: L6200E: Symbol Task2 multiply defined (by task_creation.o and task.o).
task_create.axf: Error: L6200E: Symbol Task3 multiply defined (by task_creation.o and task.o).
task_create.axf: Error: L6200E: Symbol main multiply defined (by task_creation.o and task.o).
Target not created
Build target 'Target 1'
linking...
task_create.axf: Error: L6200E: Symbol __ARM_use_no_argv multiply defined (by task_creation.o and task.o).
task_create.axf: Error: L6200E: Symbol UART0_Init multiply defined (by task_creation.o and task.o).
task_create.axf: Error: L6200E: Symbol UART0_SendChar multiply defined (by task_creation.o and task.o).
task_create.axf: Error: L6200E: Symbol Task1 multiply defined (by task_creation.o and task.o).
task_create.axf: Error: L6200E: Symbol Task2 multiply defined (by task_creation.o and task.o).
task_create.axf: Error: L6200E: Symbol Task3 multiply defined (by task_creation.o and task.o).
task_create.axf: Error: L6200E: Symbol main multiply defined (by task_creation.o and task.o).
Target not created
Build target 'Target 1'
compiling task_creation.c...
linking...
task_create.axf: Error: L6200E: Symbol __ARM_use_no_argv multiply defined (by task_creation.o and task.o).
task_create.axf: Error: L6200E: Symbol UART0_Init multiply defined (by task_creation.o and task.o).
task_create.axf: Error: L6200E: Symbol UART0_SendChar multiply defined (by task_creation.o and task.o).
task_create.axf: Error: L6200E: Symbol SendString multiply defined (by task_creation.o and task.o).
task_create.axf: Error: L6200E: Symbol Task1 multiply defined (by task_creation.o and task.o).
task_create.axf: Error: L6200E: Symbol Task2 multiply defined (by task_creation.o and task.o).
task_create.axf: Error: L6200E: Symbol Task3 multiply defined (by task_creation.o and task.o).
task_create.axf: Error: L6200E: Symbol main multiply defined (by task_creation.o and task.o).
Target not created
Build target 'Target 1'
linking...
task_create.axf: Error: L6218E: Undefined symbol vPortStartFirstTask (referred from port.o).
task_create.axf: Error: L6218E: Undefined symbol vPreemptiveTick (referred from port.o).
task_create.axf: Error: L6218E: Undefined symbol vPortYield (referred from queue.o).
Target not created
Build target 'Target 1'
linking...
task_create.axf: Error: L6200E: Symbol __ARM_use_no_argv multiply defined (by task_creation.o and task.o).
task_create.axf: Error: L6200E: Symbol UART0_Init multiply defined (by task_creation.o and task.o).
task_create.axf: Error: L6200E: Symbol UART0_SendChar multiply defined (by task_creation.o and task.o).
task_create.axf: Error: L6200E: Symbol SendString multiply defined (by task_creation.o and task.o).
task_create.axf: Error: L6200E: Symbol Task1 multiply defined (by task_creation.o and task.o).
task_create.axf: Error: L6200E: Symbol Task2 multiply defined (by task_creation.o and task.o).
task_create.axf: Error: L6200E: Symbol Task3 multiply defined (by task_creation.o and task.o).
task_create.axf: Error: L6200E: Symbol main multiply defined (by task_creation.o and task.o).
Target not created
Build target 'Target 1'
linking...
task_create.axf: Error: L6218E: Undefined symbol vPortStartFirstTask (referred from port.o).
task_create.axf: Error: L6218E: Undefined symbol vPreemptiveTick (referred from port.o).
task_create.axf: Error: L6218E: Undefined symbol vPortYield (referred from queue.o).
Target not created
Build target 'Target 1'
linking...
task_create.axf: Error: L6218E: Undefined symbol vPortStartFirstTask (referred from port.o).
task_create.axf: Error: L6218E: Undefined symbol vPreemptiveTick (referred from port.o).
task_create.axf: Error: L6218E: Undefined symbol vPortYield (referred from queue.o).
Target not created
Build target 'Target 1'
assembling portASM.s...
linking...
Program Size: Code=9132 RO-data=32 RW-data=88 ZI-data=14752  
FromELF: creating hex file...
"task_create.axf" - 0 Error(s), 0 Warning(s).
Build target 'Target 1'
assembling portASM.s...
linking...
Program Size: Code=9132 RO-data=32 RW-data=88 ZI-data=14752  
FromELF: creating hex file...
"task_create.axf" - 0 Error(s), 0 Warning(s).
Build target 'Target 1'
linking...
Program Size: Code=9132 RO-data=32 RW-data=88 ZI-data=14752  
FromELF: creating hex file...
"task_create.axf" - 0 Error(s), 0 Warning(s).
Build target 'Target 1'
linking...
Program Size: Code=9132 RO-data=32 RW-data=88 ZI-data=14752  
FromELF: creating hex file...
"task_create.axf" - 0 Error(s), 0 Warning(s).
Build target 'Target 1'
linking...
Program Size: Code=9132 RO-data=32 RW-data=88 ZI-data=14752  
FromELF: creating hex file...
"task_create.axf" - 0 Error(s), 0 Warning(s).
Build target 'Target 1'
linking...
Program Size: Code=9132 RO-data=32 RW-data=88 ZI-data=14752  
FromELF: creating hex file...
"task_create.axf" - 0 Error(s), 0 Warning(s).
Rebuild target 'Target 1'
assembling Startup.s...
compiling task.c...
compiling port.c...
compiling queue.c...
C:\Keil\FreeRTOS_V9.0.0rc2\FreeRTOS\Source\queue.c(472): warning:  #177-D: function "prvInitialiseMutex" was declared but never referenced
compiling list.c...
compiling tasks.c...
compiling timers.c...
compiling heap_2.c...
assembling portASM.s...
linking...
Program Size: Code=9132 RO-data=32 RW-data=88 ZI-data=14752  
FromELF: creating hex file...
"task_create.axf" - 0 Error(s), 1 Warning(s).
Rebuild target 'Target 1'
assembling Startup.s...
Startup.s(261): error: A1167E: Invalid line start 
compiling task.c...
compiling port.c...
compiling queue.c...
C:\Keil\FreeRTOS_V9.0.0rc2\FreeRTOS\Source\queue.c(472): warning:  #177-D: function "prvInitialiseMutex" was declared but never referenced
compiling list.c...
compiling tasks.c...
compiling timers.c...
compiling heap_2.c...
assembling portASM.s...
Target not created
Rebuild target 'Target 1'
assembling Startup.s...
Startup.s(261): error: A1167E: Invalid line start 
compiling task.c...
compiling port.c...
compiling queue.c...
C:\Keil\FreeRTOS_V9.0.0rc2\FreeRTOS\Source\queue.c(472): warning:  #177-D: function "prvInitialiseMutex" was declared but never referenced
compiling list.c...
compiling tasks.c...
compiling timers.c...
compiling heap_2.c...
assembling portASM.s...
Target not created
Rebuild target 'Target 1'
assembling Startup.s...
compiling task.c...
compiling port.c...
compiling queue.c...
C:\Keil\FreeRTOS_V9.0.0rc2\FreeRTOS\Source\queue.c(472): warning:  #177-D: function "prvInitialiseMutex" was declared but never referenced
compiling list.c...
compiling tasks.c...
compiling timers.c...
compiling heap_2.c...
assembling portASM.s...
linking...
Program Size: Code=9132 RO-data=32 RW-data=88 ZI-data=14752  
FromELF: creating hex file...
"task_create.axf" - 0 Error(s), 1 Warning(s).
Rebuild target 'Target 1'
assembling Startup.s...
compiling task.c...
compiling port.c...
compiling queue.c...
C:\Keil\FreeRTOS_V9.0.0rc2\FreeRTOS\Source\queue.c(472): warning:  #177-D: function "prvInitialiseMutex" was declared but never referenced
compiling list.c...
compiling tasks.c...
compiling timers.c...
compiling heap_2.c...
assembling portASM.s...
linking...
Program Size: Code=9132 RO-data=32 RW-data=88 ZI-data=14752  
FromELF: creating hex file...
"task_create.axf" - 0 Error(s), 1 Warning(s).
Rebuild target 'Target 1'
assembling Startup.s...
compiling task.c...
compiling port.c...
compiling queue.c...
C:\Keil\FreeRTOS_V9.0.0rc2\FreeRTOS\Source\queue.c(472): warning:  #177-D: function "prvInitialiseMutex" was declared but never referenced
compiling list.c...
compiling tasks.c...
compiling timers.c...
compiling heap_2.c...
assembling portASM.s...
linking...
Program Size: Code=9128 RO-data=32 RW-data=88 ZI-data=14752  
FromELF: creating hex file...
"task_create.axf" - 0 Error(s), 1 Warning(s).
Rebuild target 'Target 1'
assembling Startup.s...
compiling task.c...
compiling port.c...
compiling queue.c...
C:\Keil\FreeRTOS_V9.0.0rc2\FreeRTOS\Source\queue.c(472): warning:  #177-D: function "prvInitialiseMutex" was declared but never referenced
compiling list.c...
compiling tasks.c...
compiling timers.c...
compiling heap_2.c...
assembling portASM.s...
linking...
Program Size: Code=9128 RO-data=32 RW-data=88 ZI-data=14752  
FromELF: creating hex file...
"task_create.axf" - 0 Error(s), 1 Warning(s).
Build target 'Target 1'
compiling task.c...
linking...
Program Size: Code=9128 RO-data=32 RW-data=88 ZI-data=14752  
FromELF: creating hex file...
"task_create.axf" - 0 Error(s), 0 Warning(s).
Build target 'Target 1'
linking...
Program Size: Code=9128 RO-data=32 RW-data=88 ZI-data=14752  
FromELF: creating hex file...
"task_create.axf" - 0 Error(s), 0 Warning(s).
Build target 'Target 1'
compiling task.c...
linking...
Program Size: Code=9132 RO-data=32 RW-data=88 ZI-data=14752  
FromELF: creating hex file...
"task_create.axf" - 0 Error(s), 0 Warning(s).
Rebuild target 'Target 1'
assembling Startup.s...
compiling task.c...
compiling port.c...
compiling queue.c...
C:\Keil\FreeRTOS_V9.0.0rc2\FreeRTOS\Source\queue.c(472): warning:  #177-D: function "prvInitialiseMutex" was declared but never referenced
compiling list.c...
compiling tasks.c...
compiling timers.c...
compiling heap_2.c...
assembling portASM.s...
linking...
Program Size: Code=9128 RO-data=32 RW-data=88 ZI-data=14752  
FromELF: creating hex file...
"task_create.axf" - 0 Error(s), 1 Warning(s).
Rebuild target 'Target 1'
assembling Startup.s...
compiling task.c...
compiling port.c...
compiling queue.c...
C:\Keil\FreeRTOS_V9.0.0rc2\FreeRTOS\Source\queue.c(472): warning:  #177-D: function "prvInitialiseMutex" was declared but never referenced
compiling list.c...
compiling tasks.c...
compiling timers.c...
compiling heap_2.c...
assembling portASM.s...
linking...
Program Size: Code=9128 RO-data=32 RW-data=88 ZI-data=14752  
FromELF: creating hex file...
"task_create.axf" - 0 Error(s), 1 Warning(s).
Rebuild target 'Target 1'
assembling Startup.s...
compiling task.c...
compiling port.c...
compiling queue.c...
C:\Keil\FreeRTOS_V9.0.0rc2\FreeRTOS\Source\queue.c(472): warning:  #177-D: function "prvInitialiseMutex" was declared but never referenced
compiling list.c...
compiling tasks.c...
compiling timers.c...
compiling heap_2.c...
assembling portASM.s...
linking...
Program Size: Code=9108 RO-data=32 RW-data=88 ZI-data=14752  
FromELF: creating hex file...
"task_create.axf" - 0 Error(s), 1 Warning(s).
Rebuild target 'Target 1'
assembling Startup.s...
Startup.s(263): error: A1137E: Unexpected characters at end of line
compiling task.c...
compiling port.c...
compiling queue.c...
C:\Keil\FreeRTOS_V9.0.0rc2\FreeRTOS\Source\queue.c(472): warning:  #177-D: function "prvInitialiseMutex" was declared but never referenced
compiling list.c...
compiling tasks.c...
compiling timers.c...
compiling heap_2.c...
assembling portASM.s...
Target not created
Rebuild target 'Target 1'
assembling Startup.s...
Startup.s(263): error: A1137E: Unexpected characters at end of line
compiling task.c...
compiling port.c...
compiling queue.c...
C:\Keil\FreeRTOS_V9.0.0rc2\FreeRTOS\Source\queue.c(472): warning:  #177-D: function "prvInitialiseMutex" was declared but never referenced
compiling list.c...
compiling tasks.c...
compiling timers.c...
compiling heap_2.c...
assembling portASM.s...
Target not created
Rebuild target 'Target 1'
assembling Startup.s...
Startup.s(263): error: A1137E: Unexpected characters at end of line
compiling task.c...
compiling port.c...
compiling queue.c...
C:\Keil\FreeRTOS_V9.0.0rc2\FreeRTOS\Source\queue.c(472): warning:  #177-D: function "prvInitialiseMutex" was declared but never referenced
compiling list.c...
compiling tasks.c...
compiling timers.c...
compiling heap_2.c...
assembling portASM.s...
Target not created
Rebuild target 'Target 1'
assembling Startup.s...
Startup.s(263): error: A1137E: Unexpected characters at end of line
compiling task.c...
compiling port.c...
compiling queue.c...
C:\Keil\FreeRTOS_V9.0.0rc2\FreeRTOS\Source\queue.c(472): warning:  #177-D: function "prvInitialiseMutex" was declared but never referenced
compiling list.c...
compiling tasks.c...
compiling timers.c...
compiling heap_2.c...
assembling portASM.s...
Target not created
Rebuild target 'Target 1'
assembling Startup.s...
Startup.s(263): error: A1137E: Unexpected characters at end of line
compiling task.c...
compiling port.c...
compiling queue.c...
C:\Keil\FreeRTOS_V9.0.0rc2\FreeRTOS\Source\queue.c(472): warning:  #177-D: function "prvInitialiseMutex" was declared but never referenced
compiling list.c...
compiling tasks.c...
compiling timers.c...
compiling heap_2.c...
assembling portASM.s...
Target not created
Rebuild target 'Target 1'
assembling Startup.s...
Startup.s(263): error: A1137E: Unexpected characters at end of line
compiling task.c...
compiling port.c...
compiling queue.c...
C:\Keil\FreeRTOS_V9.0.0rc2\FreeRTOS\Source\queue.c(476): warning:  #9-D: nested comment is not allowed
C:\Keil\FreeRTOS_V9.0.0rc2\FreeRTOS\Source\queue.c(480): error:  #77-D: this declaration has no storage class or type specifier
C:\Keil\FreeRTOS_V9.0.0rc2\FreeRTOS\Source\queue.c(480): error:  #65: expected a ";"
C:\Keil\FreeRTOS_V9.0.0rc2\FreeRTOS\Source\queue.c(481): error:  #77-D: this declaration has no storage class or type specifier
C:\Keil\FreeRTOS_V9.0.0rc2\FreeRTOS\Source\queue.c(481): error:  #65: expected a ";"
C:\Keil\FreeRTOS_V9.0.0rc2\FreeRTOS\Source\queue.c(484): error:  #77-D: this declaration has no storage class or type specifier
C:\Keil\FreeRTOS_V9.0.0rc2\FreeRTOS\Source\queue.c(484): error:  #65: expected a ";"
C:\Keil\FreeRTOS_V9.0.0rc2\FreeRTOS\Source\queue.c(489): error:  #40: expected an identifier
C:\Keil\FreeRTOS_V9.0.0rc2\FreeRTOS\Source\queue.c(489): error:  #65: expected a ";"
C:\Keil\FreeRTOS_V9.0.0rc2\FreeRTOS\Source\queue.c(490): error:  #169: expected a declaration
C:\Keil\FreeRTOS_V9.0.0rc2\FreeRTOS\Source\queue.c(832): warning:  #12-D: parsing restarts here after previous syntax error
C:\Keil\FreeRTOS_V9.0.0rc2\FreeRTOS\Source\queue.c(833): error:  #169: expected a declaration
C:\Keil\FreeRTOS_V9.0.0rc2\FreeRTOS\Source\queue.c(834): error:  #169: expected a declaration
C:\Keil\FreeRTOS_V9.0.0rc2\FreeRTOS\Source\queue.c(862): warning:  #12-D: parsing restarts here after previous syntax error
C:\Keil\FreeRTOS_V9.0.0rc2\FreeRTOS\Source\queue.c(867): warning:  #1295-D: Deprecated declaration vTaskSuspendAll - give arg types
C:\Keil\FreeRTOS_V9.0.0rc2\FreeRTOS\Source\queue.c(867): warning:  #77-D: this declaration has no storage class or type specifier
C:\Keil\FreeRTOS_V9.0.0rc2\FreeRTOS\Source\queue.c(867): error:  #147: declaration is incompatible with "void vTaskSuspendAll(void)" (declared at line 1202 of "C:\Keil\FreeRTOS_V9.0.0rc2\FreeRTOS\Source\include\task.h")
C:\Keil\FreeRTOS_V9.0.0rc2\FreeRTOS\Source\queue.c(868): warning:  #1295-D: Deprecated declaration vPortEnterCritical - give arg types
C:\Keil\FreeRTOS_V9.0.0rc2\FreeRTOS\Source\queue.c(868): warning:  #77-D: this declaration has no storage class or type specifier
C:\Keil\FreeRTOS_V9.0.0rc2\FreeRTOS\Source\queue.c(868): error:  #147: declaration is incompatible with "void vPortEnterCritical(void)" (declared at line 166 of "C:\Keil\FreeRTOS_V9.0.0rc2\FreeRTOS\Source\include\..\..\Source\portable\RVDS\ARM7_LPC21xx\portmacro.h")
C:\Keil\FreeRTOS_V9.0.0rc2\FreeRTOS\Source\queue.c(868): error:  #169: expected a declaration
C:\Keil\FreeRTOS_V9.0.0rc2\FreeRTOS\Source\queue.c(868): warning:  #1295-D: Deprecated declaration vPortExitCritical - give arg types
C:\Keil\FreeRTOS_V9.0.0rc2\FreeRTOS\Source\queue.c(868): warning:  #77-D: this declaration has no storage class or type specifier
C:\Keil\FreeRTOS_V9.0.0rc2\FreeRTOS\Source\queue.c(868): error:  #147: declaration is incompatible with "void vPortExitCritical(void)" (declared at line 167 of "C:\Keil\FreeRTOS_V9.0.0rc2\FreeRTOS\Source\include\..\..\Source\portable\RVDS\ARM7_LPC21xx\portmacro.h")
C:\Keil\FreeRTOS_V9.0.0rc2\FreeRTOS\Source\queue.c(871): error:  #169: expected a declaration
C:\Keil\FreeRTOS_V9.0.0rc2\FreeRTOS\Source\queue.c(946): warning:  #12-D: parsing restarts here after previous syntax error
C:\Keil\FreeRTOS_V9.0.0rc2\FreeRTOS\Source\queue.c(947): error:  #169: expected a declaration
C:\Keil\FreeRTOS_V9.0.0rc2\FreeRTOS\Source\queue.c(1017): error:  #169: expected a declaration
C:\Keil\FreeRTOS_V9.0.0rc2\FreeRTOS\Source\queue.c(1038): error:  #169: expected a declaration
C:\Keil\FreeRTOS_V9.0.0rc2\FreeRTOS\Source\queue.c(1052): warning:  #12-D: parsing restarts here after previous syntax error
C:\Keil\FreeRTOS_V9.0.0rc2\FreeRTOS\Source\queue.c(1053): error:  #169: expected a declaration
C:\Keil\FreeRTOS_V9.0.0rc2\FreeRTOS\Source\queue.c(1060): warning:  #12-D: parsing restarts here after previous syntax error
C:\Keil\FreeRTOS_V9.0.0rc2\FreeRTOS\Source\queue.c(1062): error:  #169: expected a declaration
C:\Keil\FreeRTOS_V9.0.0rc2\FreeRTOS\Source\queue.c(1063): error:  #169: expected a declaration
C:\Keil\FreeRTOS_V9.0.0rc2\FreeRTOS\Source\queue.c(1105): warning:  #12-D: parsing restarts here after previous syntax error
C:\Keil\FreeRTOS_V9.0.0rc2\FreeRTOS\Source\queue.c(1106): error:  #169: expected a declaration
C:\Keil\FreeRTOS_V9.0.0rc2\FreeRTOS\Source\queue.c(1128): error:  #169: expected a declaration
C:\Keil\FreeRTOS_V9.0.0rc2\FreeRTOS\Source\queue.c(1217): warning:  #12-D: parsing restarts here after previous syntax error
C:\Keil\FreeRTOS_V9.0.0rc2\FreeRTOS\Source\queue.c(1218): error:  #169: expected a declaration
C:\Keil\FreeRTOS_V9.0.0rc2\FreeRTOS\Source\queue.c(1225): warning:  #12-D: parsing restarts here after previous syntax error
C:\Keil\FreeRTOS_V9.0.0rc2\FreeRTOS\Source\queue.c(1227): error:  #169: expected a declaration
C:\Keil\FreeRTOS_V9.0.0rc2\FreeRTOS\Source\queue.c(1228): error:  #169: expected a declaration
C:\Keil\FreeRTOS_V9.0.0rc2\FreeRTOS\Source\queue.c(1254): warning:  #12-D: parsing restarts here after previous syntax error
C:\Keil\FreeRTOS_V9.0.0rc2\FreeRTOS\Source\queue.c(1258): error:  #169: expected a declaration
C:\Keil\FreeRTOS_V9.0.0rc2\FreeRTOS\Source\queue.c(1332): warning:  #12-D: parsing restarts here after previous syntax error
C:\Keil\FreeRTOS_V9.0.0rc2\FreeRTOS\Source\queue.c(1333): error:  #169: expected a declaration
C:\Keil\FreeRTOS_V9.0.0rc2\FreeRTOS\Source\queue.c(1334): error:  #169: expected a declaration
compiling list.c...
compiling tasks.c...
compiling timers.c...
compiling heap_2.c...
assembling portASM.s...
Target not created
Rebuild target 'Target 1'
assembling Startup.s...
Startup.s(263): error: A1137E: Unexpected characters at end of line
compiling task.c...
compiling port.c...
compiling queue.c...
C:\Keil\FreeRTOS_V9.0.0rc2\FreeRTOS\Source\queue.c(472): warning:  #177-D: function "prvInitialiseMutex" was declared but never referenced
compiling list.c...
compiling tasks.c...
compiling timers.c...
compiling heap_2.c...
assembling portASM.s...
Target not created
Rebuild target 'Target 1'
assembling Startup.s...
Startup.s(263): error: A1137E: Unexpected characters at end of line
compiling task.c...
compiling port.c...
compiling queue.c...
C:\Keil\FreeRTOS_V9.0.0rc2\FreeRTOS\Source\queue.c(472): warning:  #177-D: function "prvInitialiseMutex" was declared but never referenced
compiling list.c...
compiling tasks.c...
compiling timers.c...
compiling heap_2.c...
assembling portASM.s...
Target not created
Rebuild target 'Target 1'
assembling Startup.s...
Startup.s(56): error: A1854E: Unknown opcode 'BLX', maybe wrong target CPU?
compiling task.c...
compiling port.c...
compiling queue.c...
C:\Keil\FreeRTOS_V9.0.0rc2\FreeRTOS\Source\queue.c(472): warning:  #177-D: function "prvInitialiseMutex" was declared but never referenced
compiling list.c...
compiling tasks.c...
compiling timers.c...
compiling heap_2.c...
assembling portASM.s...
Target not created
Rebuild target 'Target 1'
assembling Startup.s...
compiling task.c...
compiling port.c...
compiling queue.c...
C:\Keil\FreeRTOS_V9.0.0rc2\FreeRTOS\Source\queue.c(472): warning:  #177-D: function "prvInitialiseMutex" was declared but never referenced
compiling list.c...
compiling tasks.c...
compiling timers.c...
compiling heap_2.c...
assembling portASM.s...
linking...
task_create.axf: Error: L6218E: Undefined symbol SystemInit (referred from startup.o).
Target not created
Build target 'Target 1'
compiling task.c...
task.c(26): warning:  #1-D: last line of file ends without a newline
linking...
task_create.axf: Error: L6218E: Undefined symbol SystemInit (referred from startup.o).
Target not created
Build target 'Target 1'
compiling task.c...
task.c(26): warning:  #1-D: last line of file ends without a newline
compiling port.c...
compiling queue.c...
C:\Keil\FreeRTOS_V9.0.0rc2\FreeRTOS\Source\queue.c(472): warning:  #177-D: function "prvInitialiseMutex" was declared but never referenced
compiling list.c...
compiling tasks.c...
compiling timers.c...
compiling heap_2.c...
linking...
task_create.axf: Error: L6218E: Undefined symbol SystemInit (referred from startup.o).
Target not created
