<html>
<body>
<pre>
<h1>µVision Build Log</h1>
<h2>Project:</h2>
C:\Users\siree\OneDrive\Desktop\LPC2148\projects\p5_spi_oled_display\spi_oled.uvproj
Project File Date:  10/27/2025

<h2>Output:</h2>
Build target 'Target 1'
compiling oled.c...
oled.c(70): warning:  #223-D: function "oled_send_command" declared implicitly
oled.c(71): warning:  #223-D: function "oled_send_data" declared implicitly
oled.c(108): error:  #247: function "draw_text" has already been defined
oled.c(121): error:  #165: too few arguments in function call
Target not created
Build target 'Target 1'
compiling oled.c...
linking...
Program Size: Code=1388 RO-data=16 RW-data=0 ZI-data=1256  
FromELF: creating hex file...
"spi_oled.axf" - 0 Error(s), 0 Warning(s).
Build target 'Target 1'
compiling oled.c...
oled.c(45): warning:  #223-D: function "pulse_enable" declared implicitly
linking...
spi_oled.axf: Error: L6218E: Undefined symbol pulse_enable (referred from oled.o).
Target not created
Build target 'Target 1'
compiling oled.c...
linking...
Program Size: Code=1388 RO-data=16 RW-data=0 ZI-data=1256  
FromELF: creating hex file...
"spi_oled.axf" - 0 Error(s), 0 Warning(s).
