<html>
<body>
<pre>
<h1>µVision Build Log</h1>
<h2>Project:</h2>
C:\Users\siree\OneDrive\Desktop\LPC2148\projects\p6_spi_flash_circular_logger\spi_flash.uvproj
Project File Date:  10/25/2025

<h2>Output:</h2>
Build target 'Target 1'
compiling spi_flash.c...
spi_flash.c(298): error:  #20: identifier "rec" is undefined
spi_flash.c(388): warning:  #111-D: statement is unreachable
Target not created
Build target 'Target 1'
compiling SPI.c...
SPI.c(290): error:  #268: declaration may not appear after executable statement in block
SPI.c(374): warning:  #111-D: statement is unreachable
Target not created
Build target 'Target 1'
compiling SPI.c...
SPI.c(288): warning:  #177-D: variable "sample" was declared but never referenced
SPI.c(374): warning:  #111-D: statement is unreachable
linking...
Program Size: Code=5060 RO-data=304 RW-data=4 ZI-data=1324  
FromELF: creating hex file...
"spi_flash.axf" - 0 Error(s), 2 Warning(s).
Build target 'Target 1'
compiling SPI.c...
SPI.c(375): warning:  #111-D: statement is unreachable
linking...
Program Size: Code=5100 RO-data=304 RW-data=4 ZI-data=1324  
FromELF: creating hex file...
"spi_flash.axf" - 0 Error(s), 1 Warning(s).
Build target 'Target 1'
compiling SPI.c...
SPI.c(367): warning:  #111-D: statement is unreachable
SPI.c(353): warning:  #550-D: variable "ok" was set but never used
linking...
Program Size: Code=5028 RO-data=304 RW-data=4 ZI-data=1324  
FromELF: creating hex file...
"spi_flash.axf" - 0 Error(s), 2 Warning(s).
Build target 'Target 1'
compiling SPI.c...
linking...
Program Size: Code=4176 RO-data=324 RW-data=8 ZI-data=1256  
FromELF: creating hex file...
"spi_flash.axf" - 0 Error(s), 0 Warning(s).
Build target 'Target 1'
compiling SPI.c...
linking...
Program Size: Code=4176 RO-data=324 RW-data=8 ZI-data=1256  
FromELF: creating hex file...
"spi_flash.axf" - 0 Error(s), 0 Warning(s).
Build target 'Target 1'
compiling SPI.c...
linking...
Program Size: Code=4176 RO-data=324 RW-data=8 ZI-data=1256  
FromELF: creating hex file...
"spi_flash.axf" - 0 Error(s), 0 Warning(s).
